Microchip MPLAB XC8 Compiler V1.41 ()

Linker command line:

--edf=D:\Hella\Compiler\dat\en_msgs.txt -cs \
  -h+dist/default/production\ClimaTemplate2019_update.production.sym \
  --cmf=dist/default/production\ClimaTemplate2019_update.production.cmf -z \
  -Q18F8722 -oC:\Users\Ezio\AppData\Local\Temp\sd5o.2 \
  -Mdist/default/production/ClimaTemplate2019_update.production.map -E1 \
  -ver=XC8 -ASTACK=07Eh-0f5fh -pstack=STACK -ACODE=00h-01FFFFh \
  -ACONST=00h-01FFFFh -ASMALLCONST=01000h-010FFhx496 \
  -AMEDIUMCONST=01000h-0FFFFh,011000h-01FFFFh -ACOMRAM=01h-05Fh \
  -AABS1=00h-0F5Fh -ABIGRAM=01h-0F5Fh \
  -ARAM=060h-0FFh,0100h-01FFhx14,0F00h-0F5Fh -ABANK0=060h-0FFh \
  -ABANK1=0100h-01FFh -ABANK2=0200h-02FFh -ABANK3=0300h-03FFh \
  -ABANK4=0400h-04FFh -ABANK5=0500h-05FFh -ABANK6=0600h-06FFh \
  -ABANK7=0700h-07FFh -ABANK8=0800h-08FFh -ABANK9=0900h-09FFh \
  -ABANK10=0A00h-0AFFh -ABANK11=0B00h-0BFFh -ABANK12=0C00h-0CFFh \
  -ABANK13=0D00h-0DFFh -ABANK14=0E00h-0EFFh -ABANK15=0F00h-0F5Fh \
  -ASFR=0F60h-0FFFh -preset_vec=00h,intcode=08h,intcodelo,powerup,init \
  -pramtop=01000h -psmallconst=SMALLCONST -pmediumconst=MEDIUMCONST \
  -pconst=CONST -AFARRAM=00h-00h -ACONFIG=0300000h-030000Dh -pconfig=CONFIG \
  -AIDLOC=0200000h-0200007h -pidloc=IDLOC -AEEDATA=0F00000h-0F003FFh \
  -peeprom_data=EEDATA \
  -prdata=COMRAM,nvrram=COMRAM,nvbit=COMRAM,rbss=COMRAM,rbit=COMRAM \
  -pfarbss=FARRAM,fardata=FARRAM,nvFARRAM=FARRAM \
  -pintsave_regs=BIGRAM,bigbss=BIGRAM,bigdata=BIGRAM -pbss=RAM \
  -pidata=CODE,irdata=CODE,ibigdata=CODE,ifardata=CODE -prparam=COMRAM \
  C:\Users\Ezio\AppData\Local\Temp\sd5o.obj \
  dist/default/production\ClimaTemplate2019_update.production.obj 

Object code version is 3.11

Machine type is 18F8722

Call graph: (short form)




                Name                               Link     Load   Length Selector   Space Scale
C:\Users\Ezio\AppData\Local\Temp\sd5o.obj
                init                                  E        E        4        4       0
                reset_vec                             0        0        4        0       0
                idloc                            200000   200000        8   200000       0
                config                           300000   300000        E   300000       0
dist/default/production\ClimaTemplate2019_update.production.obj
                intcode                               8        8        6        4       0
                temp                                 50       50        1        1       1
                mediumconst                        FEF4     FEF4      10C     7F7A       0
                intcode_body                      10856    10856       FC     8000       0
                text42                            10DDC    10DDC       38     8000       0
                text41                            10BB2    10BB2       52     8000       0
                text40                            10CE0    10CE0       42     8000       0
                text39                            10ECC    10ECC       26     8000       0
                text38                            10F74    10F74       1E     8000       0
                text37                            10000    10000      30E     8000       0
                text36                            10736    10736      120     8000       0
                text35                            11042    11042        4     8000       0
                text34                            1103E    1103E        4     8000       0
                text33                            10C04    10C04       4E     8000       0
                text32                            10F56    10F56       1E     8000       0
                text31                            10E76    10E76       2C     8000       0
                text30                            11016    11016        8     8000       0
                text29                            10E4A    10E4A       2C     8000       0
                text28                            10B5C    10B5C       56     8000       0
                text27                            10FD2    10FD2       12     8000       0
                text26                            10F38    10F38       1E     8000       0
                text25                            10C52    10C52       4C     8000       0
                text24                            10F92    10F92       1C     8000       0
                text23                            10FE4    10FE4       10     8000       0
                text22                            10FF4    10FF4        E     8000       0
                text21                            10E14    10E14       36     8000       0
                text20                            10DA0    10DA0       3C     8000       0
                text19                            1103A    1103A        4     8000       0
                text18                            1100E    1100E        8     8000       0
                text17                            10D22    10D22       40     8000       0
                text16                            11030    11030        6     8000       0
                text15                            11002    11002        C     8000       0
                text14                            10C9E    10C9E       42     8000       0
                text13                            10FC0    10FC0       12     8000       0
                text12                            10FAE    10FAE       12     8000       0
                text11                            1102A    1102A        6     8000       0
                text10                            10AF4    10AF4       68     8000       0
                text9                             10952    10952       F4     8000       0
                text8                             10A46    10A46       AE     8000       0
                text7                             10EF2    10EF2       24     8000       0
                text6                             11036    11036        4     8000       0
                text5                             11024    11024        6     8000       0
                text4                             1101E    1101E        6     8000       0
                text3                             10550    10550      1E6     8000       0
                text2                             1030E    1030E      242     8000       0
                text1                             10EA2    10EA2       2A     8000       0
                text0                             10D62    10D62       3E     8000       0
                cstackCOMRAM                          1        1       35        1       1
                cstackBANK0                          74       74        A       60       1
                bssBANK0                             60       60       14       60       1
                bssCOMRAM                            36       36       1A        1       1
                cinit                             10F16    10F16       22     8000       0

TOTAL           Name                               Link     Load   Length     Space
        CLASS   STACK          

        CLASS   CODE           
                intcode                               8        8        6         0
                init                                  E        E        4         0
                reset_vec                             0        0        4         0
                intcode_body                      10856    10856       FC         0
                text42                            10DDC    10DDC       38         0
                text41                            10BB2    10BB2       52         0
                text40                            10CE0    10CE0       42         0
                text39                            10ECC    10ECC       26         0
                text38                            10F74    10F74       1E         0
                text37                            10000    10000      30E         0
                text36                            10736    10736      120         0
                text35                            11042    11042        4         0
                text34                            1103E    1103E        4         0
                text33                            10C04    10C04       4E         0
                text32                            10F56    10F56       1E         0
                text31                            10E76    10E76       2C         0
                text30                            11016    11016        8         0
                text29                            10E4A    10E4A       2C         0
                text28                            10B5C    10B5C       56         0
                text27                            10FD2    10FD2       12         0
                text26                            10F38    10F38       1E         0
                text25                            10C52    10C52       4C         0
                text24                            10F92    10F92       1C         0
                text23                            10FE4    10FE4       10         0
                text22                            10FF4    10FF4        E         0
                text21                            10E14    10E14       36         0
                text20                            10DA0    10DA0       3C         0
                text19                            1103A    1103A        4         0
                text18                            1100E    1100E        8         0
                text17                            10D22    10D22       40         0
                text16                            11030    11030        6         0
                text15                            11002    11002        C         0
                text14                            10C9E    10C9E       42         0
                text13                            10FC0    10FC0       12         0
                text12                            10FAE    10FAE       12         0
                text11                            1102A    1102A        6         0
                text10                            10AF4    10AF4       68         0
                text9                             10952    10952       F4         0
                text8                             10A46    10A46       AE         0
                text7                             10EF2    10EF2       24         0
                text6                             11036    11036        4         0
                text5                             11024    11024        6         0
                text4                             1101E    1101E        6         0
                text3                             10550    10550      1E6         0
                text2                             1030E    1030E      242         0
                text1                             10EA2    10EA2       2A         0
                text0                             10D62    10D62       3E         0
                cinit                             10F16    10F16       22         0

        CLASS   CONST          

        CLASS   SMALLCONST     

        CLASS   MEDIUMCONST    
                mediumconst                        FEF4     FEF4      10C         0

        CLASS   COMRAM         
                temp                                 50       50        1         1
                cstackCOMRAM                          1        1       35         1
                bssCOMRAM                            36       36       1A         1

        CLASS   ABS1           

        CLASS   BIGRAM         

        CLASS   RAM            

        CLASS   BANK0          
                cstackBANK0                          74       74        A         1
                bssBANK0                             60       60       14         1

        CLASS   BANK1          

        CLASS   BANK2          

        CLASS   BANK3          

        CLASS   BANK4          

        CLASS   BANK5          

        CLASS   BANK6          

        CLASS   BANK7          

        CLASS   BANK8          

        CLASS   BANK9          

        CLASS   BANK10         

        CLASS   BANK11         

        CLASS   BANK12         

        CLASS   BANK13         

        CLASS   BANK14         

        CLASS   BANK15         

        CLASS   SFR            

        CLASS   FARRAM         

        CLASS   CONFIG         
                config                           300000   300000        E         0

        CLASS   IDLOC          
                idloc                            200000   200000        8         0

        CLASS   EEDATA         



SEGMENTS        Name                           Load    Length   Top    Selector   Space  Class

                reset_vec                      000000  000004  000004         0       0  CODE    
                cstackCOMRAM                   000001  000050  000051         1       1  COMRAM  
                intcode                        000008  00000A  000012         4       0  CODE    
                bssBANK0                       000060  00001E  00007E        60       1  BANK0   
                mediumconst                    00FEF4  00010C  010000      7F7A       0  MEDIUMCO
                text37                         010000  001046  011046      8000       0  CODE    
                idloc                          200000  000008  200008    200000       0  IDLOC   
                config                         300000  00000E  30000E    300000       0  CONFIG  


UNUSED ADDRESS RANGES

        Name                Unused          Largest block    Delta
        BANK0            00007E-0000FF               82
        BANK1            000100-0001FF              100
        BANK10           000A00-000AFF              100
        BANK11           000B00-000BFF              100
        BANK12           000C00-000CFF              100
        BANK13           000D00-000DFF              100
        BANK14           000E00-000EFF              100
        BANK15           000F00-000F5F               60
        BANK2            000200-0002FF              100
        BANK3            000300-0003FF              100
        BANK4            000400-0004FF              100
        BANK5            000500-0005FF              100
        BANK6            000600-0006FF              100
        BANK7            000700-0007FF              100
        BANK8            000800-0008FF              100
        BANK9            000900-0009FF              100
        BIGRAM           000051-00005F                F
                         00007E-000F5F              EE2
        CODE             000004-000007                4
                         000012-00FEF3             FEE2
                         011046-01FFFF             EFBA
        COMRAM           000051-00005F                F
        CONST            000004-000007                4
                         000012-00FEF3             FEE2
                         011046-01FFFF             EFBA
        EEDATA           F00000-F003FF              400
        MEDIUMCONST      001000-00FEF3             EEF4
                         011046-01FFFF             EFBA
        RAM              00007E-000F5F              100
        SFR              000F60-000FFF               A0
        SMALLCONST       001000-00FEF3              100
                         011046-01FFFF              100
        STACK            00007E-000F5F              EE2

                                  Symbol Table

?_ADCRead                     cstackCOMRAM 000010
?___ftpack                    cstackCOMRAM 000010
?___fttol                     cstackCOMRAM 000010
?___lwdiv                     cstackCOMRAM 000016
?___lwmod                     cstackCOMRAM 00001D
?___lwtoft                    cstackCOMRAM 000018
?___wmul                      cstackCOMRAM 000010
?_sprintf                     cstackCOMRAM 000022
ADCRead@ch                    cstackCOMRAM 000013
Delay10TCYx@unit              cstackCOMRAM 000010
LcdChar@letter                cstackCOMRAM 000014
LcdGoTo@pos                   cstackCOMRAM 000015
LcdWriteString@s              cstackCOMRAM 000015
SWSPIWrite@BitCount           cstackCOMRAM 000011
SWSPIWrite@input              bssCOMRAM    00003F
SWSPIWrite@output             cstackCOMRAM 000010
UART_Init@x                   cstackCOMRAM 000010
UART_putc@data                cstackCOMRAM 000010
UART_puts@s                   cstackCOMRAM 000011
_ADCON0bits                   (abs)        000FC2
_ADCON1bits                   (abs)        000FC1
_ADCON2bits                   (abs)        000FC0
_ADCRead                      text42       010DDC
_ADRES                        (abs)        000FC3
_Delay10TCYx                  text23       010FE4
_GIE                          (abs)        007F97
_ISR                          intcode      000008
_LcdChar                      text29       010E4A
_LcdClear                     text30       011016
_LcdGoTo                      text15       011002
_LcdInit                      text25       010C52
_LcdLines                     mediumconst  00FEFF
_LcdWriteString               text28       010B5C
_MEMCONbits                   (abs)        000F9C
_PIE1bits                     (abs)        000F9D
_PIR1bits                     (abs)        000F9E
_PORTAbits                    (abs)        000F80
_PORTBbits                    (abs)        000F81
_PORTCbits                    (abs)        000F82
_PORTD                        (abs)        000F83
_PORTDbits                    (abs)        000F83
_PORTJbits                    (abs)        000F88
_RCIF                         (abs)        007CF5
_RCREG                        (abs)        000FAE
_RCSTA1bits                   (abs)        000FAB
_RCSTAbits                    (abs)        000FAB
_SPBRG                        (abs)        000FAF
_SWSPIClearCS                 text35       011042
_SWSPIOpen                    text27       010FD2
_SWSPISetCS                   text34       01103E
_SWSPIWrite                   text33       010C04
_T0CON                        (abs)        000FD5
_T0CONbits                    (abs)        000FD5
_T0IE                         (abs)        007F95
_T0IF                         (abs)        007F92
_TMR0                         (abs)        000FD6
_TMR0H                        (abs)        000FD7
_TMR0L                        (abs)        000FD6
_TMR1H                        (abs)        000FCF
_TMR1L                        (abs)        000FCE
_TRISA                        (abs)        000F92
_TRISAbits                    (abs)        000F92
_TRISB0                       (abs)        007C98
_TRISCbits                    (abs)        000F94
_TRISD                        (abs)        000F95
_TRISDbits                    (abs)        000F95
_TRISJbits                    (abs)        000F9A
_TRMT1                        (abs)        007D61
_TXREG                        (abs)        000FAD
_TXSTA1bits                   (abs)        000FAC
_TXSTAbits                    (abs)        000FAC
_UART_Init                    text24       010F92
_UART_putc                    text22       010FF4
_UART_puts                    text21       010E14
__CFG_FCMEN$OFF               (abs)        000000
__CFG_OSC$HS                  (abs)        000000
__CFG_WDT$OFF                 (abs)        000000
__HRAM                        (abs)        000000
__Habs1                       abs1         000000
__Hbank0                      bank0        000000
__Hbank1                      bank1        000000
__Hbank10                     bank10       000000
__Hbank11                     bank11       000000
__Hbank12                     bank12       000000
__Hbank13                     bank13       000000
__Hbank14                     bank14       000000
__Hbank15                     bank15       000000
__Hbank2                      bank2        000000
__Hbank3                      bank3        000000
__Hbank4                      bank4        000000
__Hbank5                      bank5        000000
__Hbank6                      bank6        000000
__Hbank7                      bank7        000000
__Hbank8                      bank8        000000
__Hbank9                      bank9        000000
__Hbigbss                     bigbss       000000
__Hbigdata                    bigdata      000000
__Hbigram                     bigram       000000
__Hbss                        bss          000000
__HbssBANK0                   bssBANK0     000000
__HbssCOMRAM                  bssCOMRAM    000000
__Hcinit                      cinit        000000
__Hclrtext                    clrtext      000000
__Hcomram                     comram       000000
__Hconfig                     config       30000E
__Hconst                      const        000000
__HcstackBANK0                cstackBANK0  000000
__HcstackCOMRAM               cstackCOMRAM 000000
__Hdata                       data         000000
__Heeprom_data                eeprom_data  000000
__Hfarbss                     farbss       000000
__Hfardata                    fardata      000000
__Hibigdata                   ibigdata     000000
__Hidata                      idata        000000
__Hidloc                      idloc        200008
__Hifardata                   ifardata     000000
__Hinit                       init         000012
__Hintcode                    intcode      00000E
__Hintcode_body               intcode_body 000000
__Hintcodelo                  intcodelo    00000E
__Hintentry                   intentry     000000
__Hintret                     intret       000000
__Hintsave_regs               intsave_regs 000000
__Hirdata                     irdata       000000
__Hmediumconst                mediumconst  010000
__HnvFARRAM                   nvFARRAM     000000
__Hnvbit                      nvbit        000000
__Hnvrram                     nvrram       000000
__Hparam                      rparam       000000
__Hpowerup                    powerup      00000E
__Hram                        ram          000000
__Hramtop                     ramtop       001000
__Hrbit                       rbit         000000
__Hrbss                       rbss         000000
__Hrdata                      rdata        000000
__Hreset_vec                  reset_vec    000004
__Hrparam                     rparam       000000
__Hsfr                        sfr          000000
__Hsmallconst                 smallconst   000000
__Hspace_0                    (abs)        30000E
__Hspace_1                    (abs)        00007E
__Hspace_2                    (abs)        000000
__Hstack                      stack        000000
__Hstruct                     struct       000000
__Htemp                       temp         000051
__Htext                       text         000000
__Htext0                      text0        000000
__Htext1                      text1        000000
__Htext10                     text10       000000
__Htext11                     text11       000000
__Htext12                     text12       000000
__Htext13                     text13       000000
__Htext14                     text14       000000
__Htext15                     text15       000000
__Htext16                     text16       000000
__Htext17                     text17       000000
__Htext18                     text18       000000
__Htext19                     text19       000000
__Htext2                      text2        000000
__Htext20                     text20       000000
__Htext21                     text21       000000
__Htext22                     text22       000000
__Htext23                     text23       000000
__Htext24                     text24       000000
__Htext25                     text25       000000
__Htext26                     text26       000000
__Htext27                     text27       000000
__Htext28                     text28       000000
__Htext29                     text29       000000
__Htext3                      text3        000000
__Htext30                     text30       000000
__Htext31                     text31       000000
__Htext32                     text32       000000
__Htext33                     text33       000000
__Htext34                     text34       000000
__Htext35                     text35       000000
__Htext36                     text36       000000
__Htext37                     text37       000000
__Htext38                     text38       000000
__Htext39                     text39       000000
__Htext4                      text4        000000
__Htext40                     text40       000000
__Htext41                     text41       000000
__Htext42                     text42       000000
__Htext5                      text5        000000
__Htext6                      text6        000000
__Htext7                      text7        000000
__Htext8                      text8        000000
__Htext9                      text9        000000
__LRAM                        (abs)        000001
__Labs1                       abs1         000000
__Lbank0                      bank0        000000
__Lbank1                      bank1        000000
__Lbank10                     bank10       000000
__Lbank11                     bank11       000000
__Lbank12                     bank12       000000
__Lbank13                     bank13       000000
__Lbank14                     bank14       000000
__Lbank15                     bank15       000000
__Lbank2                      bank2        000000
__Lbank3                      bank3        000000
__Lbank4                      bank4        000000
__Lbank5                      bank5        000000
__Lbank6                      bank6        000000
__Lbank7                      bank7        000000
__Lbank8                      bank8        000000
__Lbank9                      bank9        000000
__Lbigbss                     bigbss       000000
__Lbigdata                    bigdata      000000
__Lbigram                     bigram       000000
__Lbss                        bss          000000
__LbssBANK0                   bssBANK0     000000
__LbssCOMRAM                  bssCOMRAM    000000
__Lcinit                      cinit        000000
__Lclrtext                    clrtext      000000
__Lcomram                     comram       000000
__Lconfig                     config       300000
__Lconst                      const        000000
__LcstackBANK0                cstackBANK0  000000
__LcstackCOMRAM               cstackCOMRAM 000000
__Ldata                       data         000000
__Leeprom_data                eeprom_data  000000
__Lfarbss                     farbss       000000
__Lfardata                    fardata      000000
__Libigdata                   ibigdata     000000
__Lidata                      idata        000000
__Lidloc                      idloc        200000
__Lifardata                   ifardata     000000
__Linit                       init         00000E
__Lintcode                    intcode      000008
__Lintcode_body               intcode_body 000000
__Lintcodelo                  intcodelo    00000E
__Lintentry                   intentry     000000
__Lintret                     intret       000000
__Lintsave_regs               intsave_regs 000000
__Lirdata                     irdata       000000
__Lmediumconst                mediumconst  00FEF4
__LnvFARRAM                   nvFARRAM     000000
__Lnvbit                      nvbit        000000
__Lnvrram                     nvrram       000000
__Lparam                      rparam       000000
__Lpowerup                    powerup      00000E
__Lram                        ram          000000
__Lramtop                     ramtop       001000
__Lrbit                       rbit         000000
__Lrbss                       rbss         000000
__Lrdata                      rdata        000000
__Lreset_vec                  reset_vec    000000
__Lrparam                     rparam       000000
__Lsfr                        sfr          000000
__Lsmallconst                 smallconst   000000
__Lspace_0                    (abs)        000000
__Lspace_1                    (abs)        000000
__Lspace_2                    (abs)        000000
__Lstack                      stack        000000
__Lstruct                     struct       000000
__Ltemp                       temp         000050
__Ltext                       text         000000
__Ltext0                      text0        000000
__Ltext1                      text1        000000
__Ltext10                     text10       000000
__Ltext11                     text11       000000
__Ltext12                     text12       000000
__Ltext13                     text13       000000
__Ltext14                     text14       000000
__Ltext15                     text15       000000
__Ltext16                     text16       000000
__Ltext17                     text17       000000
__Ltext18                     text18       000000
__Ltext19                     text19       000000
__Ltext2                      text2        000000
__Ltext20                     text20       000000
__Ltext21                     text21       000000
__Ltext22                     text22       000000
__Ltext23                     text23       000000
__Ltext24                     text24       000000
__Ltext25                     text25       000000
__Ltext26                     text26       000000
__Ltext27                     text27       000000
__Ltext28                     text28       000000
__Ltext29                     text29       000000
__Ltext3                      text3        000000
__Ltext30                     text30       000000
__Ltext31                     text31       000000
__Ltext32                     text32       000000
__Ltext33                     text33       000000
__Ltext34                     text34       000000
__Ltext35                     text35       000000
__Ltext36                     text36       000000
__Ltext37                     text37       000000
__Ltext38                     text38       000000
__Ltext39                     text39       000000
__Ltext4                      text4        000000
__Ltext40                     text40       000000
__Ltext41                     text41       000000
__Ltext42                     text42       000000
__Ltext5                      text5        000000
__Ltext6                      text6        000000
__Ltext7                      text7        000000
__Ltext8                      text8        000000
__Ltext9                      text9        000000
__S0                          (abs)        30000E
__S1                          (abs)        00007E
__S2                          (abs)        000000
___extmem_base                (abs)        020000
___ftpack                     text8        010A46
___ftpack@arg                 cstackCOMRAM 000010
___ftpack@exp                 cstackCOMRAM 000013
___ftpack@sign                cstackCOMRAM 000014
___fttol                      text9        010952
___fttol@exp1                 cstackCOMRAM 00001E
___fttol@f1                   cstackCOMRAM 000010
___fttol@lval                 cstackCOMRAM 00001A
___fttol@sign1                cstackCOMRAM 000019
___inthi_sp                   stack        000000
___intlo_sp                   stack        000000
___lwdiv                      text41       010BB2
___lwdiv@counter              cstackCOMRAM 00001A
___lwdiv@dividend             cstackCOMRAM 000016
___lwdiv@divisor              cstackCOMRAM 000018
___lwdiv@quotient             cstackCOMRAM 00001B
___lwmod                      text40       010CE0
___lwmod@counter              cstackCOMRAM 000021
___lwmod@dividend             cstackCOMRAM 00001D
___lwmod@divisor              cstackCOMRAM 00001F
___lwtoft                     text7        010EF2
___lwtoft@c                   cstackCOMRAM 000018
___param_bank                 (abs)        000000
___rparam_used                (abs)        000001
___sp                         stack        000000
___wmul                       text39       010ECC
___wmul@multiplicand          cstackCOMRAM 000012
___wmul@multiplier            cstackCOMRAM 000010
___wmul@product               cstackCOMRAM 000014
__accesstop                   (abs)        000060
__activetblptr                (abs)        000003
__end_of_ADCRead              text42       010E14
__end_of_Delay10TCYx          text23       010FF4
__end_of_ISR                  intcode_body 010952
__end_of_LcdChar              text29       010E76
__end_of_LcdClear             text30       01101E
__end_of_LcdGoTo              text15       01100E
__end_of_LcdInit              text25       010C9E
__end_of_LcdLines             mediumconst  00FF8F
__end_of_LcdWriteString       text28       010BB2
__end_of_SWSPIClearCS         text35       011046
__end_of_SWSPIOpen            text27       010FE4
__end_of_SWSPISetCS           text34       011042
__end_of_SWSPIWrite           text33       010C52
__end_of_UART_Init            text24       010FAE
__end_of_UART_putc            text22       011002
__end_of_UART_puts            text21       010E4A
__end_of___ftpack             text8        010AF4
__end_of___fttol              text9        010A46
__end_of___lwdiv              text41       010C04
__end_of___lwmod              text40       010D22
__end_of___lwtoft             text7        010F16
__end_of___wmul               text39       010EF2
__end_of__initialization      cinit        010F2E
__end_of_checkInputs          text36       010856
__end_of_dpowers              mediumconst  00FEFF
__end_of_getOnOffButton       text6        01103A
__end_of_init                 text10       010B5C
__end_of_initAdc              text20       010DDC
__end_of_initButtons          text19       01103E
__end_of_initPwm              text18       011016
__end_of_initTmr              text17       010D62
__end_of_isdigit              text38       010F92
__end_of_lcdCommand           text31       010EA2
__end_of_main                 text0        010DA0
__end_of_setCoolElement       text5        01102A
__end_of_setGPIO              text32       010F74
__end_of_setHeatElement       text16       011036
__end_of_setIODIR             text26       010F56
__end_of_setLcd               text14       010CE0
__end_of_setLcdBacklightLed   text4        011024
__end_of_setSpeedFanCool      text13       010FD2
__end_of_setSpeedFanHeatVent  text12       010FC0
__end_of_setStandbyLed        text11       011030
__end_of_sprintf              text37       01030E
__end_of_stateMachine         text2        010550
__end_of_updateLcd            text3        010736
__end_of_updateOutputs        text1        010ECC
__initialization              cinit        010F16
__mediumconst                 mediumconst  00FEF4
__pbssBANK0                   bssBANK0     000060
__pbssCOMRAM                  bssCOMRAM    000036
__pcinit                      cinit        010F16
__pcstackBANK0                cstackBANK0  000074
__pcstackCOMRAM               cstackCOMRAM 000001
__pintcode                    intcode      000008
__pintcode_body               intcode_body 010856
__pmediumconst                mediumconst  00FEF4
__ptext0                      text0        010D62
__ptext1                      text1        010EA2
__ptext10                     text10       010AF4
__ptext11                     text11       01102A
__ptext12                     text12       010FAE
__ptext13                     text13       010FC0
__ptext14                     text14       010C9E
__ptext15                     text15       011002
__ptext16                     text16       011030
__ptext17                     text17       010D22
__ptext18                     text18       01100E
__ptext19                     text19       01103A
__ptext2                      text2        01030E
__ptext20                     text20       010DA0
__ptext21                     text21       010E14
__ptext22                     text22       010FF4
__ptext23                     text23       010FE4
__ptext24                     text24       010F92
__ptext25                     text25       010C52
__ptext26                     text26       010F38
__ptext27                     text27       010FD2
__ptext28                     text28       010B5C
__ptext29                     text29       010E4A
__ptext3                      text3        010550
__ptext30                     text30       011016
__ptext31                     text31       010E76
__ptext32                     text32       010F56
__ptext33                     text33       010C04
__ptext34                     text34       01103E
__ptext35                     text35       011042
__ptext36                     text36       010736
__ptext37                     text37       010000
__ptext38                     text38       010F74
__ptext39                     text39       010ECC
__ptext4                      text4        01101E
__ptext40                     text40       010CE0
__ptext41                     text41       010BB2
__ptext42                     text42       010DDC
__ptext5                      text5        011024
__ptext6                      text6        011036
__ptext7                      text7        010EF2
__ptext8                      text8        010A46
__ptext9                      text9        010952
__ramtop                      ramtop       001000
__size_of_ADCRead             (abs)        000000
__size_of_Delay10TCYx         (abs)        000000
__size_of_ISR                 (abs)        000000
__size_of_LcdChar             (abs)        000000
__size_of_LcdClear            (abs)        000000
__size_of_LcdGoTo             (abs)        000000
__size_of_LcdInit             (abs)        000000
__size_of_LcdWriteString      (abs)        000000
__size_of_SWSPIClearCS        (abs)        000000
__size_of_SWSPIOpen           (abs)        000000
__size_of_SWSPISetCS          (abs)        000000
__size_of_SWSPIWrite          (abs)        000000
__size_of_UART_Init           (abs)        000000
__size_of_UART_putc           (abs)        000000
__size_of_UART_puts           (abs)        000000
__size_of___ftpack            (abs)        000000
__size_of___fttol             (abs)        000000
__size_of___lwdiv             (abs)        000000
__size_of___lwmod             (abs)        000000
__size_of___lwtoft            (abs)        000000
__size_of___wmul              (abs)        000000
__size_of_checkInputs         (abs)        000000
__size_of_getOnOffButton      (abs)        000000
__size_of_init                (abs)        000000
__size_of_initAdc             (abs)        000000
__size_of_initButtons         (abs)        000000
__size_of_initPwm             (abs)        000000
__size_of_initTmr             (abs)        000000
__size_of_isdigit             (abs)        000000
__size_of_lcdCommand          (abs)        000000
__size_of_main                (abs)        000000
__size_of_setCoolElement      (abs)        000000
__size_of_setGPIO             (abs)        000000
__size_of_setHeatElement      (abs)        000000
__size_of_setIODIR            (abs)        000000
__size_of_setLcd              (abs)        000000
__size_of_setLcdBacklightLed  (abs)        000000
__size_of_setSpeedFanCool     (abs)        000000
__size_of_setSpeedFanHeatVent (abs)        000000
__size_of_setStandbyLed       (abs)        000000
__size_of_sprintf             (abs)        000000
__size_of_stateMachine        (abs)        000000
__size_of_updateLcd           (abs)        000000
__size_of_updateOutputs       (abs)        000000
__smallconst                  smallconst   000000
_a                            bssCOMRAM    000040
_checkInputs                  text36       010736
_climaState                   bssCOMRAM    00004F
_cnt                          bssCOMRAM    000043
_coolElement                  bssCOMRAM    00004A
_dpowers                      mediumconst  00FEF5
_ev                           bssCOMRAM    000044
_fanSpeedCool                 bssCOMRAM    00004E
_fanSpeedHeatVent             bssCOMRAM    00004D
_getOnOffButton               text6        011036
_heatElement                  bssCOMRAM    00004B
_inDeb                        bssCOMRAM    000042
_inTemp                       bssCOMRAM    00003D
_init                         text10       010AF4
_initAdc                      text20       010DA0
_initButtons                  text19       01103A
_initPwm                      text18       01100E
_initTmr                      text17       010D22
_isdigit                      text38       010F74
_isdigit$1784                 cstackCOMRAM 000011
_lcdBacklightLed              bssCOMRAM    000048
_lcdCommand                   text31       010E76
_leftButtonEv                 bssCOMRAM    000047
_levelHeat                    bssCOMRAM    00004C
_main                         text0        010D62
_msg                          bssBANK0     000060
_outTemp                      bssCOMRAM    00003B
_setCoolElement               text5        011024
_setGPIO                      text32       010F56
_setHeatElement               text16       011030
_setIODIR                     text26       010F38
_setLcd                       text14       010C9E
_setLcdBacklightLed           text4        01101E
_setSpeedFanCool              text13       010FC0
_setSpeedFanHeatVent          text12       010FAE
_setStandbyLed                text11       01102A
_setTemp                      bssCOMRAM    000046
_shouldClearLcd               bssCOMRAM    000039
_sprintf                      text37       010000
_standbyLed                   bssCOMRAM    000049
_stateMachine                 text2        01030E
_tick                         bssCOMRAM    000045
_updateLcd                    text3        010550
_updateOutputs                text1        010EA2
_value                        bssCOMRAM    000036
btemp                         temp         000050
checkInputs@adcVal            cstackCOMRAM 000034
checkInputs@leftButton        cstackCOMRAM 000033
checkInputs@leftButton_old    bssCOMRAM    000041
end_of_initialization         cinit        010F2E
int$flags                     temp         000050
int_func                      intcode_body 010856
intlevel0                     text         000000
intlevel1                     text         000000
intlevel2                     text         000000
intlevel3                     text         000000
isdigit@c                     cstackCOMRAM 000012
lcdCommand@command            cstackCOMRAM 000014
main@i                        cstackBANK0  00007D
setCoolElement@state          cstackCOMRAM 000010
setGPIO@address               cstackCOMRAM 000013
setGPIO@value                 cstackCOMRAM 000012
setHeatElement@state          cstackCOMRAM 000010
setIODIR@address              cstackCOMRAM 000013
setIODIR@dir                  cstackCOMRAM 000012
setLcdBacklightLed@state      cstackCOMRAM 000010
setSpeedFanCool@speed         cstackCOMRAM 000010
setSpeedFanHeatVent@speed     cstackCOMRAM 000010
setStandbyLed@state           cstackCOMRAM 000010
sprintf@ap                    cstackBANK0  000074
sprintf@c                     cstackBANK0  00007C
sprintf@f                     cstackCOMRAM 000024
sprintf@flag                  cstackBANK0  000079
sprintf@prec                  cstackBANK0  000076
sprintf@sp                    cstackCOMRAM 000022
sprintf@val                   cstackBANK0  000077
sprintf@width                 cstackBANK0  00007A
stackhi                       (abs)        000F5F
stacklo                       (abs)        00007E
start                         init         00000E
start_initialization          cinit        010F16
updateLcd@fanSpeed            cstackCOMRAM 000030


FUNCTION INFORMATION:

 *************** function _main *****************
 Defined at:
		line 761 in file "clima.c"
 Parameters:    Size  Location     Type
		None
 Auto vars:     Size  Location     Type
  i               1    9[BANK0 ] unsigned char 
 Return value:  Size  Location     Type
                  1    wreg      void 
 Registers used:
		wreg, fsr0l, fsr0h, fsr2l, fsr2h, status,2, status,0, tblptrl, tblptrh, tblptru, prodl, prodh, cstack
 Tracked objects:
		On entry : 
		On exit  : 
		Unchanged: 
 Data sizes:     COMRAM   BANK0   BANK1   BANK2   BANK3   BANK4   BANK5   BANK6   BANK7   BANK8   BANK9  BANK10  BANK11  BANK12  BANK13  BANK14  BANK15
      Params:         0       0       0       0       0       0       0       0       0       0       0       0       0       0       0       0       0
      Locals:         0       1       0       0       0       0       0       0       0       0       0       0       0       0       0       0       0
      Temps:          0       0       0       0       0       0       0       0       0       0       0       0       0       0       0       0       0
      Totals:         0       1       0       0       0       0       0       0       0       0       0       0       0       0       0       0       0
Total ram usage:        1 bytes
 Hardware stack levels required when called:    7
 This function calls:
		_checkInputs
		_init
		_stateMachine
		_updateOutputs
 This function is called by:
		Startup code after reset
 This function uses a non-reentrant model


 *************** function _updateOutputs *****************
 Defined at:
		line 517 in file "clima.c"
 Parameters:    Size  Location     Type
		None
 Auto vars:     Size  Location     Type
		None
 Return value:  Size  Location     Type
                  1    wreg      void 
 Registers used:
		None
 Tracked objects:
		On entry : 
		On exit  : 
		Unchanged: 
 Data sizes:     COMRAM   BANK0   BANK1   BANK2   BANK3   BANK4   BANK5   BANK6   BANK7   BANK8   BANK9  BANK10  BANK11  BANK12  BANK13  BANK14  BANK15
      Params:         0       0       0       0       0       0       0       0       0       0       0       0       0       0       0       0       0
      Locals:         0       0       0       0       0       0       0       0       0       0       0       0       0       0       0       0       0
      Temps:          0       0       0       0       0       0       0       0       0       0       0       0       0       0       0       0       0
      Totals:         0       0       0       0       0       0       0       0       0       0       0       0       0       0       0       0       0
Total ram usage:        0 bytes
 Hardware stack levels used:    1
 Hardware stack levels required when called:    1
 This function calls:
		Nothing
 This function is called by:
		_main
 This function uses a non-reentrant model


 *************** function _stateMachine *****************
 Defined at:
		line 403 in file "clima.c"
 Parameters:    Size  Location     Type
		None
 Auto vars:     Size  Location     Type
  err             1    0        unsigned char 
 Return value:  Size  Location     Type
                  1    wreg      void 
 Registers used:
		wreg, fsr0l, fsr0h, fsr2l, fsr2h, status,2, status,0, tblptrl, tblptrh, tblptru, prodl, prodh, cstack
 Tracked objects:
		On entry : 
		On exit  : 
		Unchanged: 
 Data sizes:     COMRAM   BANK0   BANK1   BANK2   BANK3   BANK4   BANK5   BANK6   BANK7   BANK8   BANK9  BANK10  BANK11  BANK12  BANK13  BANK14  BANK15
      Params:         0       0       0       0       0       0       0       0       0       0       0       0       0       0       0       0       0
      Locals:         0       0       0       0       0       0       0       0       0       0       0       0       0       0       0       0       0
      Temps:          2       0       0       0       0       0       0       0       0       0       0       0       0       0       0       0       0
      Totals:         2       0       0       0       0       0       0       0       0       0       0       0       0       0       0       0       0
Total ram usage:        2 bytes
 Hardware stack levels used:    1
 Hardware stack levels required when called:    6
 This function calls:
		___fttol
		___lwtoft
		_getOnOffButton
		_setCoolElement
		_setHeatElement
		_setLcdBacklightLed
		_setSpeedFanCool
		_setSpeedFanHeatVent
		_setStandbyLed
		_sprintf
		_updateLcd
 This function is called by:
		_main
 This function uses a non-reentrant model


 *************** function _updateLcd *****************
 Defined at:
		line 239 in file "clima.c"
 Parameters:    Size  Location     Type
		None
 Auto vars:     Size  Location     Type
  fanSpeed        1   47[COMRAM] unsigned char 
 Return value:  Size  Location     Type
                  1    wreg      void 
 Registers used:
		wreg, fsr0l, fsr0h, fsr2l, fsr2h, status,2, status,0, tblptrl, tblptrh, tblptru, prodl, prodh, cstack
 Tracked objects:
		On entry : 
		On exit  : 
		Unchanged: 
 Data sizes:     COMRAM   BANK0   BANK1   BANK2   BANK3   BANK4   BANK5   BANK6   BANK7   BANK8   BANK9  BANK10  BANK11  BANK12  BANK13  BANK14  BANK15
      Params:         0       0       0       0       0       0       0       0       0       0       0       0       0       0       0       0       0
      Locals:         1       0       0       0       0       0       0       0       0       0       0       0       0       0       0       0       0
      Temps:          0       0       0       0       0       0       0       0       0       0       0       0       0       0       0       0       0
      Totals:         1       0       0       0       0       0       0       0       0       0       0       0       0       0       0       0       0
Total ram usage:        1 bytes
 Hardware stack levels used:    1
 Hardware stack levels required when called:    5
 This function calls:
		_LcdClear
		_LcdGoTo
		_LcdWriteString
		_sprintf
 This function is called by:
		_stateMachine
 This function uses a non-reentrant model


 *************** function _setLcdBacklightLed *****************
 Defined at:
		line 145 in file "clima.c"
 Parameters:    Size  Location     Type
  state           2   15[COMRAM] unsigned int 
 Auto vars:     Size  Location     Type
		None
 Return value:  Size  Location     Type
                  1    wreg      void 
 Registers used:
		None
 Tracked objects:
		On entry : 
		On exit  : 
		Unchanged: 
 Data sizes:     COMRAM   BANK0   BANK1   BANK2   BANK3   BANK4   BANK5   BANK6   BANK7   BANK8   BANK9  BANK10  BANK11  BANK12  BANK13  BANK14  BANK15
      Params:         2       0       0       0       0       0       0       0       0       0       0       0       0       0       0       0       0
      Locals:         0       0       0       0       0       0       0       0       0       0       0       0       0       0       0       0       0
      Temps:          0       0       0       0       0       0       0       0       0       0       0       0       0       0       0       0       0
      Totals:         2       0       0       0       0       0       0       0       0       0       0       0       0       0       0       0       0
Total ram usage:        2 bytes
 Hardware stack levels used:    1
 Hardware stack levels required when called:    1
 This function calls:
		Nothing
 This function is called by:
		_stateMachine
 This function uses a non-reentrant model


 *************** function _setCoolElement *****************
 Defined at:
		line 165 in file "clima.c"
 Parameters:    Size  Location     Type
  state           2   15[COMRAM] unsigned int 
 Auto vars:     Size  Location     Type
		None
 Return value:  Size  Location     Type
                  1    wreg      void 
 Registers used:
		None
 Tracked objects:
		On entry : 
		On exit  : 
		Unchanged: 
 Data sizes:     COMRAM   BANK0   BANK1   BANK2   BANK3   BANK4   BANK5   BANK6   BANK7   BANK8   BANK9  BANK10  BANK11  BANK12  BANK13  BANK14  BANK15
      Params:         2       0       0       0       0       0       0       0       0       0       0       0       0       0       0       0       0
      Locals:         0       0       0       0       0       0       0       0       0       0       0       0       0       0       0       0       0
      Temps:          0       0       0       0       0       0       0       0       0       0       0       0       0       0       0       0       0
      Totals:         2       0       0       0       0       0       0       0       0       0       0       0       0       0       0       0       0
Total ram usage:        2 bytes
 Hardware stack levels used:    1
 Hardware stack levels required when called:    1
 This function calls:
		Nothing
 This function is called by:
		_stateMachine
 This function uses a non-reentrant model


 *************** function _getOnOffButton *****************
 Defined at:
		line 209 in file "clima.c"
 Parameters:    Size  Location     Type
		None
 Auto vars:     Size  Location     Type
		None
 Return value:  Size  Location     Type
                  1    wreg      unsigned char 
 Registers used:
		wreg, status,2
 Tracked objects:
		On entry : 
		On exit  : 
		Unchanged: 
 Data sizes:     COMRAM   BANK0   BANK1   BANK2   BANK3   BANK4   BANK5   BANK6   BANK7   BANK8   BANK9  BANK10  BANK11  BANK12  BANK13  BANK14  BANK15
      Params:         0       0       0       0       0       0       0       0       0       0       0       0       0       0       0       0       0
      Locals:         0       0       0       0       0       0       0       0       0       0       0       0       0       0       0       0       0
      Temps:          0       0       0       0       0       0       0       0       0       0       0       0       0       0       0       0       0
      Totals:         0       0       0       0       0       0       0       0       0       0       0       0       0       0       0       0       0
Total ram usage:        0 bytes
 Hardware stack levels used:    1
 Hardware stack levels required when called:    1
 This function calls:
		Nothing
 This function is called by:
		_stateMachine
 This function uses a non-reentrant model


 *************** function ___lwtoft *****************
 Defined at:
		line 28 in file "D:\Hella\Compiler\sources\common\lwtoft.c"
 Parameters:    Size  Location     Type
  c               2   23[COMRAM] unsigned int 
 Auto vars:     Size  Location     Type
		None
 Return value:  Size  Location     Type
                  3   23[COMRAM] float 
 Registers used:
		wreg, status,2, status,0, cstack
 Tracked objects:
		On entry : 
		On exit  : 
		Unchanged: 
 Data sizes:     COMRAM   BANK0   BANK1   BANK2   BANK3   BANK4   BANK5   BANK6   BANK7   BANK8   BANK9  BANK10  BANK11  BANK12  BANK13  BANK14  BANK15
      Params:         3       0       0       0       0       0       0       0       0       0       0       0       0       0       0       0       0
      Locals:         0       0       0       0       0       0       0       0       0       0       0       0       0       0       0       0       0
      Temps:          0       0       0       0       0       0       0       0       0       0       0       0       0       0       0       0       0
      Totals:         3       0       0       0       0       0       0       0       0       0       0       0       0       0       0       0       0
Total ram usage:        3 bytes
 Hardware stack levels used:    1
 Hardware stack levels required when called:    2
 This function calls:
		___ftpack
 This function is called by:
		_stateMachine
 This function uses a non-reentrant model


 *************** function ___ftpack *****************
 Defined at:
		line 62 in file "D:\Hella\Compiler\sources\common\float.c"
 Parameters:    Size  Location     Type
  arg             3   15[COMRAM] unsigned um
  exp             1   18[COMRAM] unsigned char 
  sign            1   19[COMRAM] unsigned char 
 Auto vars:     Size  Location     Type
		None
 Return value:  Size  Location     Type
                  3   15[COMRAM] float 
 Registers used:
		wreg, status,2, status,0
 Tracked objects:
		On entry : 
		On exit  : 
		Unchanged: 
 Data sizes:     COMRAM   BANK0   BANK1   BANK2   BANK3   BANK4   BANK5   BANK6   BANK7   BANK8   BANK9  BANK10  BANK11  BANK12  BANK13  BANK14  BANK15
      Params:         5       0       0       0       0       0       0       0       0       0       0       0       0       0       0       0       0
      Locals:         0       0       0       0       0       0       0       0       0       0       0       0       0       0       0       0       0
      Temps:          3       0       0       0       0       0       0       0       0       0       0       0       0       0       0       0       0
      Totals:         8       0       0       0       0       0       0       0       0       0       0       0       0       0       0       0       0
Total ram usage:        8 bytes
 Hardware stack levels used:    1
 Hardware stack levels required when called:    1
 This function calls:
		Nothing
 This function is called by:
		___lwtoft
 This function uses a non-reentrant model


 *************** function ___fttol *****************
 Defined at:
		line 44 in file "D:\Hella\Compiler\sources\common\fttol.c"
 Parameters:    Size  Location     Type
  f1              3   15[COMRAM] float 
 Auto vars:     Size  Location     Type
  lval            4   25[COMRAM] unsigned long 
  exp1            1   29[COMRAM] unsigned char 
  sign1           1   24[COMRAM] unsigned char 
 Return value:  Size  Location     Type
                  4   15[COMRAM] long 
 Registers used:
		wreg, status,2, status,0
 Tracked objects:
		On entry : 
		On exit  : 
		Unchanged: 
 Data sizes:     COMRAM   BANK0   BANK1   BANK2   BANK3   BANK4   BANK5   BANK6   BANK7   BANK8   BANK9  BANK10  BANK11  BANK12  BANK13  BANK14  BANK15
      Params:         4       0       0       0       0       0       0       0       0       0       0       0       0       0       0       0       0
      Locals:         6       0       0       0       0       0       0       0       0       0       0       0       0       0       0       0       0
      Temps:          5       0       0       0       0       0       0       0       0       0       0       0       0       0       0       0       0
      Totals:        15       0       0       0       0       0       0       0       0       0       0       0       0       0       0       0       0
Total ram usage:       15 bytes
 Hardware stack levels used:    1
 Hardware stack levels required when called:    1
 This function calls:
		Nothing
 This function is called by:
		_stateMachine
 This function uses a non-reentrant model


 *************** function _init *****************
 Defined at:
		line 711 in file "clima.c"
 Parameters:    Size  Location     Type
		None
 Auto vars:     Size  Location     Type
		None
 Return value:  Size  Location     Type
                  1    wreg      void 
 Registers used:
		wreg, fsr0l, fsr0h, status,2, status,0, tblptrl, tblptrh, tblptru, prodl, prodh, cstack
 Tracked objects:
		On entry : 
		On exit  : 
		Unchanged: 
 Data sizes:     COMRAM   BANK0   BANK1   BANK2   BANK3   BANK4   BANK5   BANK6   BANK7   BANK8   BANK9  BANK10  BANK11  BANK12  BANK13  BANK14  BANK15
      Params:         0       0       0       0       0       0       0       0       0       0       0       0       0       0       0       0       0
      Locals:         0       0       0       0       0       0       0       0       0       0       0       0       0       0       0       0       0
      Temps:          0       0       0       0       0       0       0       0       0       0       0       0       0       0       0       0       0
      Totals:         0       0       0       0       0       0       0       0       0       0       0       0       0       0       0       0       0
Total ram usage:        0 bytes
 Hardware stack levels used:    1
 Hardware stack levels required when called:    6
 This function calls:
		_LcdInit
		_UART_Init
		_UART_puts
		_initAdc
		_initButtons
		_initPwm
		_initTmr
		_setHeatElement
		_setLcd
		_setSpeedFanCool
		_setSpeedFanHeatVent
		_setStandbyLed
 This function is called by:
		_main
 This function uses a non-reentrant model


 *************** function _setStandbyLed *****************
 Defined at:
		line 135 in file "clima.c"
 Parameters:    Size  Location     Type
  state           2   15[COMRAM] unsigned int 
 Auto vars:     Size  Location     Type
		None
 Return value:  Size  Location     Type
                  1    wreg      void 
 Registers used:
		None
 Tracked objects:
		On entry : 
		On exit  : 
		Unchanged: 
 Data sizes:     COMRAM   BANK0   BANK1   BANK2   BANK3   BANK4   BANK5   BANK6   BANK7   BANK8   BANK9  BANK10  BANK11  BANK12  BANK13  BANK14  BANK15
      Params:         2       0       0       0       0       0       0       0       0       0       0       0       0       0       0       0       0
      Locals:         0       0       0       0       0       0       0       0       0       0       0       0       0       0       0       0       0
      Temps:          0       0       0       0       0       0       0       0       0       0       0       0       0       0       0       0       0
      Totals:         2       0       0       0       0       0       0       0       0       0       0       0       0       0       0       0       0
Total ram usage:        2 bytes
 Hardware stack levels used:    1
 Hardware stack levels required when called:    1
 This function calls:
		Nothing
 This function is called by:
		_stateMachine
		_init
 This function uses a non-reentrant model


 *************** function _setSpeedFanHeatVent *****************
 Defined at:
		line 186 in file "clima.c"
 Parameters:    Size  Location     Type
  speed           1    wreg     unsigned char 
 Auto vars:     Size  Location     Type
  speed           1   15[COMRAM] unsigned char 
 Return value:  Size  Location     Type
                  1    wreg      void 
 Registers used:
		wreg, status,2, status,0
 Tracked objects:
		On entry : 
		On exit  : 
		Unchanged: 
 Data sizes:     COMRAM   BANK0   BANK1   BANK2   BANK3   BANK4   BANK5   BANK6   BANK7   BANK8   BANK9  BANK10  BANK11  BANK12  BANK13  BANK14  BANK15
      Params:         0       0       0       0       0       0       0       0       0       0       0       0       0       0       0       0       0
      Locals:         1       0       0       0       0       0       0       0       0       0       0       0       0       0       0       0       0
      Temps:          0       0       0       0       0       0       0       0       0       0       0       0       0       0       0       0       0
      Totals:         1       0       0       0       0       0       0       0       0       0       0       0       0       0       0       0       0
Total ram usage:        1 bytes
 Hardware stack levels used:    1
 Hardware stack levels required when called:    1
 This function calls:
		Nothing
 This function is called by:
		_stateMachine
		_init
 This function uses a non-reentrant model


 *************** function _setSpeedFanCool *****************
 Defined at:
		line 175 in file "clima.c"
 Parameters:    Size  Location     Type
  speed           1    wreg     unsigned char 
 Auto vars:     Size  Location     Type
  speed           1   15[COMRAM] unsigned char 
 Return value:  Size  Location     Type
                  1    wreg      void 
 Registers used:
		wreg, status,2, status,0
 Tracked objects:
		On entry : 
		On exit  : 
		Unchanged: 
 Data sizes:     COMRAM   BANK0   BANK1   BANK2   BANK3   BANK4   BANK5   BANK6   BANK7   BANK8   BANK9  BANK10  BANK11  BANK12  BANK13  BANK14  BANK15
      Params:         0       0       0       0       0       0       0       0       0       0       0       0       0       0       0       0       0
      Locals:         1       0       0       0       0       0       0       0       0       0       0       0       0       0       0       0       0
      Temps:          0       0       0       0       0       0       0       0       0       0       0       0       0       0       0       0       0
      Totals:         1       0       0       0       0       0       0       0       0       0       0       0       0       0       0       0       0
Total ram usage:        1 bytes
 Hardware stack levels used:    1
 Hardware stack levels required when called:    1
 This function calls:
		Nothing
 This function is called by:
		_stateMachine
		_init
 This function uses a non-reentrant model


 *************** function _setLcd *****************
 Defined at:
		line 225 in file "clima.c"
 Parameters:    Size  Location     Type
		None
 Auto vars:     Size  Location     Type
		None
 Return value:  Size  Location     Type
                  1    wreg      void 
 Registers used:
		wreg, fsr0l, fsr0h, status,2, status,0, tblptrl, tblptrh, tblptru, prodl, prodh, cstack
 Tracked objects:
		On entry : 
		On exit  : 
		Unchanged: 
 Data sizes:     COMRAM   BANK0   BANK1   BANK2   BANK3   BANK4   BANK5   BANK6   BANK7   BANK8   BANK9  BANK10  BANK11  BANK12  BANK13  BANK14  BANK15
      Params:         0       0       0       0       0       0       0       0       0       0       0       0       0       0       0       0       0
      Locals:         0       0       0       0       0       0       0       0       0       0       0       0       0       0       0       0       0
      Temps:          0       0       0       0       0       0       0       0       0       0       0       0       0       0       0       0       0
      Totals:         0       0       0       0       0       0       0       0       0       0       0       0       0       0       0       0       0
Total ram usage:        0 bytes
 Hardware stack levels used:    1
 Hardware stack levels required when called:    5
 This function calls:
		_LcdClear
		_LcdGoTo
		_LcdWriteString
 This function is called by:
		_init
 This function uses a non-reentrant model


 *************** function _LcdGoTo *****************
 Defined at:
		line 176 in file "lcd.c"
 Parameters:    Size  Location     Type
  pos             1    wreg     unsigned char 
 Auto vars:     Size  Location     Type
  pos             1   20[COMRAM] unsigned char 
 Return value:  Size  Location     Type
                  1    wreg      void 
 Registers used:
		wreg, status,2, status,0, cstack
 Tracked objects:
		On entry : 
		On exit  : 
		Unchanged: 
 Data sizes:     COMRAM   BANK0   BANK1   BANK2   BANK3   BANK4   BANK5   BANK6   BANK7   BANK8   BANK9  BANK10  BANK11  BANK12  BANK13  BANK14  BANK15
      Params:         0       0       0       0       0       0       0       0       0       0       0       0       0       0       0       0       0
      Locals:         1       0       0       0       0       0       0       0       0       0       0       0       0       0       0       0       0
      Temps:          0       0       0       0       0       0       0       0       0       0       0       0       0       0       0       0       0
      Totals:         1       0       0       0       0       0       0       0       0       0       0       0       0       0       0       0       0
Total ram usage:        1 bytes
 Hardware stack levels used:    1
 Hardware stack levels required when called:    4
 This function calls:
		_lcdCommand
 This function is called by:
		_setLcd
		_updateLcd
 This function uses a non-reentrant model


 *************** function _setHeatElement *****************
 Defined at:
		line 155 in file "clima.c"
 Parameters:    Size  Location     Type
  state           2   15[COMRAM] unsigned int 
 Auto vars:     Size  Location     Type
		None
 Return value:  Size  Location     Type
                  1    wreg      void 
 Registers used:
		None
 Tracked objects:
		On entry : 
		On exit  : 
		Unchanged: 
 Data sizes:     COMRAM   BANK0   BANK1   BANK2   BANK3   BANK4   BANK5   BANK6   BANK7   BANK8   BANK9  BANK10  BANK11  BANK12  BANK13  BANK14  BANK15
      Params:         2       0       0       0       0       0       0       0       0       0       0       0       0       0       0       0       0
      Locals:         0       0       0       0       0       0       0       0       0       0       0       0       0       0       0       0       0
      Temps:          0       0       0       0       0       0       0       0       0       0       0       0       0       0       0       0       0
      Totals:         2       0       0       0       0       0       0       0       0       0       0       0       0       0       0       0       0
Total ram usage:        2 bytes
 Hardware stack levels used:    1
 Hardware stack levels required when called:    1
 This function calls:
		Nothing
 This function is called by:
		_stateMachine
		_init
 This function uses a non-reentrant model


 *************** function _initTmr *****************
 Defined at:
		line 614 in file "clima.c"
 Parameters:    Size  Location     Type
		None
 Auto vars:     Size  Location     Type
		None
 Return value:  Size  Location     Type
                  1    wreg      void 
 Registers used:
		wreg, status,2
 Tracked objects:
		On entry : 
		On exit  : 
		Unchanged: 
 Data sizes:     COMRAM   BANK0   BANK1   BANK2   BANK3   BANK4   BANK5   BANK6   BANK7   BANK8   BANK9  BANK10  BANK11  BANK12  BANK13  BANK14  BANK15
      Params:         0       0       0       0       0       0       0       0       0       0       0       0       0       0       0       0       0
      Locals:         0       0       0       0       0       0       0       0       0       0       0       0       0       0       0       0       0
      Temps:          0       0       0       0       0       0       0       0       0       0       0       0       0       0       0       0       0
      Totals:         0       0       0       0       0       0       0       0       0       0       0       0       0       0       0       0       0
Total ram usage:        0 bytes
 Hardware stack levels used:    1
 Hardware stack levels required when called:    1
 This function calls:
		Nothing
 This function is called by:
		_init
 This function uses a non-reentrant model


 *************** function _initPwm *****************
 Defined at:
		line 597 in file "clima.c"
 Parameters:    Size  Location     Type
		None
 Auto vars:     Size  Location     Type
		None
 Return value:  Size  Location     Type
                  1    wreg      void 
 Registers used:
		None
 Tracked objects:
		On entry : 
		On exit  : 
		Unchanged: 
 Data sizes:     COMRAM   BANK0   BANK1   BANK2   BANK3   BANK4   BANK5   BANK6   BANK7   BANK8   BANK9  BANK10  BANK11  BANK12  BANK13  BANK14  BANK15
      Params:         0       0       0       0       0       0       0       0       0       0       0       0       0       0       0       0       0
      Locals:         0       0       0       0       0       0       0       0       0       0       0       0       0       0       0       0       0
      Temps:          0       0       0       0       0       0       0       0       0       0       0       0       0       0       0       0       0
      Totals:         0       0       0       0       0       0       0       0       0       0       0       0       0       0       0       0       0
Total ram usage:        0 bytes
 Hardware stack levels used:    1
 Hardware stack levels required when called:    1
 This function calls:
		Nothing
 This function is called by:
		_init
 This function uses a non-reentrant model


 *************** function _initButtons *****************
 Defined at:
		line 537 in file "clima.c"
 Parameters:    Size  Location     Type
		None
 Auto vars:     Size  Location     Type
		None
 Return value:  Size  Location     Type
                  1    wreg      void 
 Registers used:
		None
 Tracked objects:
		On entry : 
		On exit  : 
		Unchanged: 
 Data sizes:     COMRAM   BANK0   BANK1   BANK2   BANK3   BANK4   BANK5   BANK6   BANK7   BANK8   BANK9  BANK10  BANK11  BANK12  BANK13  BANK14  BANK15
      Params:         0       0       0       0       0       0       0       0       0       0       0       0       0       0       0       0       0
      Locals:         0       0       0       0       0       0       0       0       0       0       0       0       0       0       0       0       0
      Temps:          0       0       0       0       0       0       0       0       0       0       0       0       0       0       0       0       0
      Totals:         0       0       0       0       0       0       0       0       0       0       0       0       0       0       0       0       0
Total ram usage:        0 bytes
 Hardware stack levels used:    1
 Hardware stack levels required when called:    1
 This function calls:
		Nothing
 This function is called by:
		_init
 This function uses a non-reentrant model


 *************** function _initAdc *****************
 Defined at:
		line 549 in file "clima.c"
 Parameters:    Size  Location     Type
		None
 Auto vars:     Size  Location     Type
		None
 Return value:  Size  Location     Type
                  1    wreg      void 
 Registers used:
		wreg, status,2, status,0
 Tracked objects:
		On entry : 
		On exit  : 
		Unchanged: 
 Data sizes:     COMRAM   BANK0   BANK1   BANK2   BANK3   BANK4   BANK5   BANK6   BANK7   BANK8   BANK9  BANK10  BANK11  BANK12  BANK13  BANK14  BANK15
      Params:         0       0       0       0       0       0       0       0       0       0       0       0       0       0       0       0       0
      Locals:         0       0       0       0       0       0       0       0       0       0       0       0       0       0       0       0       0
      Temps:          0       0       0       0       0       0       0       0       0       0       0       0       0       0       0       0       0
      Totals:         0       0       0       0       0       0       0       0       0       0       0       0       0       0       0       0       0
Total ram usage:        0 bytes
 Hardware stack levels used:    1
 Hardware stack levels required when called:    1
 This function calls:
		Nothing
 This function is called by:
		_init
 This function uses a non-reentrant model


 *************** function _UART_puts *****************
 Defined at:
		line 88 in file "uart.c"
 Parameters:    Size  Location     Type
  s               2   16[COMRAM] PTR unsigned char 
		 -> STR_21(20), 
 Auto vars:     Size  Location     Type
		None
 Return value:  Size  Location     Type
                  1    wreg      void 
 Registers used:
		wreg, status,2, status,0, tblptrl, tblptrh, tblptru, cstack
 Tracked objects:
		On entry : 
		On exit  : 
		Unchanged: 
 Data sizes:     COMRAM   BANK0   BANK1   BANK2   BANK3   BANK4   BANK5   BANK6   BANK7   BANK8   BANK9  BANK10  BANK11  BANK12  BANK13  BANK14  BANK15
      Params:         2       0       0       0       0       0       0       0       0       0       0       0       0       0       0       0       0
      Locals:         0       0       0       0       0       0       0       0       0       0       0       0       0       0       0       0       0
      Temps:          0       0       0       0       0       0       0       0       0       0       0       0       0       0       0       0       0
      Totals:         2       0       0       0       0       0       0       0       0       0       0       0       0       0       0       0       0
Total ram usage:        2 bytes
 Hardware stack levels used:    1
 Hardware stack levels required when called:    2
 This function calls:
		_Delay10TCYx
		_UART_putc
 This function is called by:
		_init
 This function uses a non-reentrant model


 *************** function _UART_putc *****************
 Defined at:
		line 80 in file "uart.c"
 Parameters:    Size  Location     Type
  data            1    wreg     unsigned char 
 Auto vars:     Size  Location     Type
  data            1   15[COMRAM] unsigned char 
 Return value:  Size  Location     Type
                  1    wreg      void 
 Registers used:
		wreg
 Tracked objects:
		On entry : 
		On exit  : 
		Unchanged: 
 Data sizes:     COMRAM   BANK0   BANK1   BANK2   BANK3   BANK4   BANK5   BANK6   BANK7   BANK8   BANK9  BANK10  BANK11  BANK12  BANK13  BANK14  BANK15
      Params:         0       0       0       0       0       0       0       0       0       0       0       0       0       0       0       0       0
      Locals:         1       0       0       0       0       0       0       0       0       0       0       0       0       0       0       0       0
      Temps:          0       0       0       0       0       0       0       0       0       0       0       0       0       0       0       0       0
      Totals:         1       0       0       0       0       0       0       0       0       0       0       0       0       0       0       0       0
Total ram usage:        1 bytes
 Hardware stack levels used:    1
 Hardware stack levels required when called:    1
 This function calls:
		Nothing
 This function is called by:
		_UART_puts
 This function uses a non-reentrant model


 *************** function _Delay10TCYx *****************
 Defined at:
		line 8 in file "D:\Hella\Compiler\sources\pic18\d10tcyx.c"
 Parameters:    Size  Location     Type
  unit            1    wreg     unsigned char 
 Auto vars:     Size  Location     Type
  unit            1   15[COMRAM] unsigned char 
 Return value:  Size  Location     Type
                  1    wreg      void 
 Registers used:
		wreg
 Tracked objects:
		On entry : 
		On exit  : 
		Unchanged: 
 Data sizes:     COMRAM   BANK0   BANK1   BANK2   BANK3   BANK4   BANK5   BANK6   BANK7   BANK8   BANK9  BANK10  BANK11  BANK12  BANK13  BANK14  BANK15
      Params:         0       0       0       0       0       0       0       0       0       0       0       0       0       0       0       0       0
      Locals:         1       0       0       0       0       0       0       0       0       0       0       0       0       0       0       0       0
      Temps:          0       0       0       0       0       0       0       0       0       0       0       0       0       0       0       0       0
      Totals:         1       0       0       0       0       0       0       0       0       0       0       0       0       0       0       0       0
Total ram usage:        1 bytes
 Hardware stack levels used:    1
 Hardware stack levels required when called:    1
 This function calls:
		Nothing
 This function is called by:
		_UART_puts
 This function uses a non-reentrant model


 *************** function _UART_Init *****************
 Defined at:
		line 11 in file "uart.c"
 Parameters:    Size  Location     Type
		None
 Auto vars:     Size  Location     Type
  x               2   15[COMRAM] unsigned int 
 Return value:  Size  Location     Type
                  1    wreg      unsigned char 
 Registers used:
		wreg, status,2
 Tracked objects:
		On entry : 
		On exit  : 
		Unchanged: 
 Data sizes:     COMRAM   BANK0   BANK1   BANK2   BANK3   BANK4   BANK5   BANK6   BANK7   BANK8   BANK9  BANK10  BANK11  BANK12  BANK13  BANK14  BANK15
      Params:         0       0       0       0       0       0       0       0       0       0       0       0       0       0       0       0       0
      Locals:         2       0       0       0       0       0       0       0       0       0       0       0       0       0       0       0       0
      Temps:          0       0       0       0       0       0       0       0       0       0       0       0       0       0       0       0       0
      Totals:         2       0       0       0       0       0       0       0       0       0       0       0       0       0       0       0       0
Total ram usage:        2 bytes
 Hardware stack levels used:    1
[...]
                  1    wreg      unsigned char 
 Registers used:
		wreg, status,2, status,0
 Tracked objects:
		On entry : 
		On exit  : 
		Unchanged: 
 Data sizes:     COMRAM   BANK0   BANK1   BANK2   BANK3   BANK4   BANK5   BANK6   BANK7   BANK8   BANK9  BANK10  BANK11  BANK12  BANK13  BANK14  BANK15
      Params:         0       0       0       0       0       0       0       0       0       0       0       0       0       0       0       0       0
      Locals:         2       0       0       0       0       0       0       0       0       0       0       0       0       0       0       0       0
      Temps:          0       0       0       0       0       0       0       0       0       0       0       0       0       0       0       0       0
      Totals:         2       0       0       0       0       0       0       0       0       0       0       0       0       0       0       0       0
Total ram usage:        2 bytes
 Hardware stack levels used:    1
 Hardware stack levels required when called:    1
 This function calls:
		Nothing
 This function is called by:
		_setGPIO
		_setIODIR
 This function uses a non-reentrant model


 *************** function _SWSPISetCS *****************
 Defined at:
		line 53 in file "swspi.c"
 Parameters:    Size  Location     Type
		None
 Auto vars:     Size  Location     Type
		None
 Return value:  Size  Location     Type
                  1    wreg      void 
 Registers used:
		None
 Tracked objects:
		On entry : 
		On exit  : 
		Unchanged: 
 Data sizes:     COMRAM   BANK0   BANK1   BANK2   BANK3   BANK4   BANK5   BANK6   BANK7   BANK8   BANK9  BANK10  BANK11  BANK12  BANK13  BANK14  BANK15
      Params:         0       0       0       0       0       0       0       0       0       0       0       0       0       0       0       0       0
      Locals:         0       0       0       0       0       0       0       0       0       0       0       0       0       0       0       0       0
      Temps:          0       0       0       0       0       0       0       0       0       0       0       0       0       0       0       0       0
      Totals:         0       0       0       0       0       0       0       0       0       0       0       0       0       0       0       0       0
Total ram usage:        0 bytes
 Hardware stack levels used:    1
 Hardware stack levels required when called:    1
 This function calls:
		Nothing
 This function is called by:
		_setGPIO
		_setIODIR
 This function uses a non-reentrant model


 *************** function _SWSPIClearCS *****************
 Defined at:
		line 64 in file "swspi.c"
 Parameters:    Size  Location     Type
		None
 Auto vars:     Size  Location     Type
		None
 Return value:  Size  Location     Type
                  1    wreg      void 
 Registers used:
		None
 Tracked objects:
		On entry : 
		On exit  : 
		Unchanged: 
 Data sizes:     COMRAM   BANK0   BANK1   BANK2   BANK3   BANK4   BANK5   BANK6   BANK7   BANK8   BANK9  BANK10  BANK11  BANK12  BANK13  BANK14  BANK15
      Params:         0       0       0       0       0       0       0       0       0       0       0       0       0       0       0       0       0
      Locals:         0       0       0       0       0       0       0       0       0       0       0       0       0       0       0       0       0
      Temps:          0       0       0       0       0       0       0       0       0       0       0       0       0       0       0       0       0
      Totals:         0       0       0       0       0       0       0       0       0       0       0       0       0       0       0       0       0
Total ram usage:        0 bytes
 Hardware stack levels used:    1
 Hardware stack levels required when called:    1
 This function calls:
		Nothing
 This function is called by:
		_setGPIO
		_setIODIR
 This function uses a non-reentrant model


 *************** function _checkInputs *****************
 Defined at:
		line 322 in file "clima.c"
 Parameters:    Size  Location     Type
		None
 Auto vars:     Size  Location     Type
  adcVal          2   51[COMRAM] unsigned int 
  leftButton      1   50[COMRAM] unsigned char 
 Return value:  Size  Location     Type
                  1    wreg      void 
 Registers used:
		wreg, fsr2l, fsr2h, status,2, status,0, tblptrl, tblptrh, tblptru, prodl, prodh, cstack
 Tracked objects:
		On entry : 
		On exit  : 
		Unchanged: 
 Data sizes:     COMRAM   BANK0   BANK1   BANK2   BANK3   BANK4   BANK5   BANK6   BANK7   BANK8   BANK9  BANK10  BANK11  BANK12  BANK13  BANK14  BANK15
      Params:         0       0       0       0       0       0       0       0       0       0       0       0       0       0       0       0       0
      Locals:         3       0       0       0       0       0       0       0       0       0       0       0       0       0       0       0       0
      Temps:          3       0       0       0       0       0       0       0       0       0       0       0       0       0       0       0       0
      Totals:         6       0       0       0       0       0       0       0       0       0       0       0       0       0       0       0       0
Total ram usage:        6 bytes
 Hardware stack levels used:    1
 Hardware stack levels required when called:    3
 This function calls:
		_ADCRead
		___lwdiv
		___wmul
		_sprintf
 This function is called by:
		_main
 This function uses a non-reentrant model


 *************** function _sprintf *****************
 Defined at:
		line 492 in file "D:\Hella\Compiler\sources\common\doprnt.c"
 Parameters:    Size  Location     Type
  sp              2   33[COMRAM] PTR unsigned char 
		 -> msg(20), 
  f               2   35[COMRAM] PTR const unsigned char 
		 -> STR_20(22), STR_19(3), STR_18(3), STR_11(3), 
		 -> STR_2(5), STR_1(5), 
 Auto vars:     Size  Location     Type
  tmpval          4    0        struct .
  cp              3    0        PTR const unsigned char 
  width           2    6[BANK0 ] int 
  val             2    3[BANK0 ] unsigned int 
  ap              2    0[BANK0 ] PTR void [1]
		 -> ?_sprintf(2), 
  len             2    0        unsigned int 
  c               1    8[BANK0 ] char 
  flag            1    5[BANK0 ] unsigned char 
  prec            1    2[BANK0 ] char 
 Return value:  Size  Location     Type
                  2   33[COMRAM] int 
 Registers used:
		wreg, fsr2l, fsr2h, status,2, status,0, tblptrl, tblptrh, tblptru, prodl, prodh, cstack
 Tracked objects:
		On entry : 
		On exit  : 
		Unchanged: 
 Data sizes:     COMRAM   BANK0   BANK1   BANK2   BANK3   BANK4   BANK5   BANK6   BANK7   BANK8   BANK9  BANK10  BANK11  BANK12  BANK13  BANK14  BANK15
      Params:        10       0       0       0       0       0       0       0       0       0       0       0       0       0       0       0       0
      Locals:         0       9       0       0       0       0       0       0       0       0       0       0       0       0       0       0       0
      Temps:          4       0       0       0       0       0       0       0       0       0       0       0       0       0       0       0       0
      Totals:        14       9       0       0       0       0       0       0       0       0       0       0       0       0       0       0       0
Total ram usage:       23 bytes
 Hardware stack levels used:    1
 Hardware stack levels required when called:    2
 This function calls:
		___lwdiv
		___lwmod
		___wmul
		_isdigit
 This function is called by:
		_updateLcd
		_checkInputs
		_stateMachine
 This function uses a non-reentrant model


 *************** function _isdigit *****************
 Defined at:
		line 8 in file "D:\Hella\Compiler\sources\common\isdigit.c"
 Parameters:    Size  Location     Type
  c               1    wreg     unsigned char 
 Auto vars:     Size  Location     Type
  c               1   17[COMRAM] unsigned char 
 Return value:  Size  Location     Type
		None               void
 Registers used:
		wreg, status,2, status,0
 Tracked objects:
		On entry : 
		On exit  : 
		Unchanged: 
 Data sizes:     COMRAM   BANK0   BANK1   BANK2   BANK3   BANK4   BANK5   BANK6   BANK7   BANK8   BANK9  BANK10  BANK11  BANK12  BANK13  BANK14  BANK15
      Params:         0       0       0       0       0       0       0       0       0       0       0       0       0       0       0       0       0
      Locals:         2       0       0       0       0       0       0       0       0       0       0       0       0       0       0       0       0
      Temps:          1       0       0       0       0       0       0       0       0       0       0       0       0       0       0       0       0
      Totals:         3       0       0       0       0       0       0       0       0       0       0       0       0       0       0       0       0
Total ram usage:        3 bytes
 Hardware stack levels used:    1
 Hardware stack levels required when called:    1
 This function calls:
		Nothing
 This function is called by:
		_sprintf
 This function uses a non-reentrant model


 *************** function ___wmul *****************
 Defined at:
		line 15 in file "D:\Hella\Compiler\sources\common\Umul16.c"
 Parameters:    Size  Location     Type
  multiplier      2   15[COMRAM] unsigned int 
  multiplicand    2   17[COMRAM] unsigned int 
 Auto vars:     Size  Location     Type
  product         2   19[COMRAM] unsigned int 
 Return value:  Size  Location     Type
                  2   15[COMRAM] unsigned int 
 Registers used:
		wreg, status,2, status,0, prodl, prodh
 Tracked objects:
		On entry : 
		On exit  : 
		Unchanged: 
 Data sizes:     COMRAM   BANK0   BANK1   BANK2   BANK3   BANK4   BANK5   BANK6   BANK7   BANK8   BANK9  BANK10  BANK11  BANK12  BANK13  BANK14  BANK15
      Params:         4       0       0       0       0       0       0       0       0       0       0       0       0       0       0       0       0
      Locals:         2       0       0       0       0       0       0       0       0       0       0       0       0       0       0       0       0
      Temps:          0       0       0       0       0       0       0       0       0       0       0       0       0       0       0       0       0
      Totals:         6       0       0       0       0       0       0       0       0       0       0       0       0       0       0       0       0
Total ram usage:        6 bytes
 Hardware stack levels used:    1
 Hardware stack levels required when called:    1
 This function calls:
		Nothing
 This function is called by:
		_checkInputs
		_sprintf
 This function uses a non-reentrant model


 *************** function ___lwmod *****************
 Defined at:
		line 8 in file "D:\Hella\Compiler\sources\common\lwmod.c"
 Parameters:    Size  Location     Type
  dividend        2   28[COMRAM] unsigned int 
  divisor         2   30[COMRAM] unsigned int 
 Auto vars:     Size  Location     Type
  counter         1   32[COMRAM] unsigned char 
 Return value:  Size  Location     Type
                  2   28[COMRAM] unsigned int 
 Registers used:
		wreg, status,2, status,0
 Tracked objects:
		On entry : 
		On exit  : 
		Unchanged: 
 Data sizes:     COMRAM   BANK0   BANK1   BANK2   BANK3   BANK4   BANK5   BANK6   BANK7   BANK8   BANK9  BANK10  BANK11  BANK12  BANK13  BANK14  BANK15
      Params:         4       0       0       0       0       0       0       0       0       0       0       0       0       0       0       0       0
      Locals:         1       0       0       0       0       0       0       0       0       0       0       0       0       0       0       0       0
      Temps:          0       0       0       0       0       0       0       0       0       0       0       0       0       0       0       0       0
      Totals:         5       0       0       0       0       0       0       0       0       0       0       0       0       0       0       0       0
Total ram usage:        5 bytes
 Hardware stack levels used:    1
 Hardware stack levels required when called:    1
 This function calls:
		Nothing
 This function is called by:
		_sprintf
 This function uses a non-reentrant model


 *************** function ___lwdiv *****************
 Defined at:
		line 8 in file "D:\Hella\Compiler\sources\common\lwdiv.c"
 Parameters:    Size  Location     Type
  dividend        2   21[COMRAM] unsigned int 
  divisor         2   23[COMRAM] unsigned int 
 Auto vars:     Size  Location     Type
  quotient        2   26[COMRAM] unsigned int 
  counter         1   25[COMRAM] unsigned char 
 Return value:  Size  Location     Type
                  2   21[COMRAM] unsigned int 
 Registers used:
		wreg, status,2, status,0
 Tracked objects:
		On entry : 
		On exit  : 
		Unchanged: 
 Data sizes:     COMRAM   BANK0   BANK1   BANK2   BANK3   BANK4   BANK5   BANK6   BANK7   BANK8   BANK9  BANK10  BANK11  BANK12  BANK13  BANK14  BANK15
      Params:         4       0       0       0       0       0       0       0       0       0       0       0       0       0       0       0       0
      Locals:         3       0       0       0       0       0       0       0       0       0       0       0       0       0       0       0       0
      Temps:          0       0       0       0       0       0       0       0       0       0       0       0       0       0       0       0       0
      Totals:         7       0       0       0       0       0       0       0       0       0       0       0       0       0       0       0       0
Total ram usage:        7 bytes
 Hardware stack levels used:    1
 Hardware stack levels required when called:    1
 This function calls:
		Nothing
 This function is called by:
		_checkInputs
		_sprintf
 This function uses a non-reentrant model


 *************** function _ADCRead *****************
 Defined at:
		line 578 in file "clima.c"
 Parameters:    Size  Location     Type
  ch              1    wreg     unsigned char 
 Auto vars:     Size  Location     Type
  ch              1   18[COMRAM] unsigned char 
 Return value:  Size  Location     Type
                  2   15[COMRAM] unsigned int 
 Registers used:
		wreg, status,2, status,0
 Tracked objects:
		On entry : 
		On exit  : 
		Unchanged: 
 Data sizes:     COMRAM   BANK0   BANK1   BANK2   BANK3   BANK4   BANK5   BANK6   BANK7   BANK8   BANK9  BANK10  BANK11  BANK12  BANK13  BANK14  BANK15
      Params:         2       0       0       0       0       0       0       0       0       0       0       0       0       0       0       0       0
      Locals:         1       0       0       0       0       0       0       0       0       0       0       0       0       0       0       0       0
      Temps:          1       0       0       0       0       0       0       0       0       0       0       0       0       0       0       0       0
      Totals:         4       0       0       0       0       0       0       0       0       0       0       0       0       0       0       0       0
Total ram usage:        4 bytes
 Hardware stack levels used:    1
 Hardware stack levels required when called:    1
 This function calls:
		Nothing
 This function is called by:
		_checkInputs
 This function uses a non-reentrant model


 *************** function _ISR *****************
 Defined at:
		line 657 in file "clima.c"
 Parameters:    Size  Location     Type
		None
 Auto vars:     Size  Location     Type
		None
 Return value:  Size  Location     Type
                  1    wreg      void 
 Registers used:
		wreg, status,2, status,0
 Tracked objects:
		On entry : 
		On exit  : 
		Unchanged: 
 Data sizes:     COMRAM   BANK0   BANK1   BANK2   BANK3   BANK4   BANK5   BANK6   BANK7   BANK8   BANK9  BANK10  BANK11  BANK12  BANK13  BANK14  BANK15
      Params:         0       0       0       0       0       0       0       0       0       0       0       0       0       0       0       0       0
      Locals:         0       0       0       0       0       0       0       0       0       0       0       0       0       0       0       0       0
      Temps:         15       0       0       0       0       0       0       0       0       0       0       0       0       0       0       0       0
      Totals:        15       0       0       0       0       0       0       0       0       0       0       0       0       0       0       0       0
Total ram usage:       15 bytes
 Hardware stack levels used:    1
 This function calls:
		Nothing
 This function is called by:
		Interrupt level 2
 This function uses a non-reentrant model



MODULE INFORMATION

Module		Function		Class		Link	Load	Size
D:\Hella\Compiler\sources\common\lwtoft.c
		___lwtoft      		CODE           	10EF2	0000	37

D:\Hella\Compiler\sources\common\lwtoft.c estimated size: 37

uart.c
		_UART_Init     		CODE           	10F92	0000	29
		_UART_putc     		CODE           	10FF4	0000	15
		_UART_puts     		CODE           	10E14	0000	55

uart.c estimated size: 99

D:\Hella\Compiler\sources\pic18\d10tcyx.c
		_Delay10TCYx   		CODE           	10FE4	0000	17

D:\Hella\Compiler\sources\pic18\d10tcyx.c estimated size: 17

D:\Hella\Compiler\sources\common\doprnt.c
		_sprintf       		CODE           	10000	0000	783

D:\Hella\Compiler\sources\common\doprnt.c estimated size: 783

D:\Hella\Compiler\sources\common\float.c
		___ftpack      		CODE           	10A46	0000	175

D:\Hella\Compiler\sources\common\float.c estimated size: 175

D:\Hella\Compiler\sources\common\Umul16.c
		___wmul        		CODE           	10ECC	0000	39

D:\Hella\Compiler\sources\common\Umul16.c estimated size: 39

D:\Hella\Compiler\sources\common\lwmod.c
		___lwmod       		CODE           	10CE0	0000	67

D:\Hella\Compiler\sources\common\lwmod.c estimated size: 67

shared
		_LcdLines      		MEDIUMCONST    	FEFF	0000	145
		_dpowers       		MEDIUMCONST    	FEF5	0000	11
		__initialization		CODE           	10F16	0000	25

shared estimated size: 181

D:\Hella\Compiler\sources\common\fttol.c
		___fttol       		CODE           	10952	0000	245

D:\Hella\Compiler\sources\common\fttol.c estimated size: 245

lcd.c
		_lcdCommand    		CODE           	10E76	0000	45
		_LcdClear      		CODE           	11016	0000	9
		_LcdInit       		CODE           	10C52	0000	77
		_LcdWriteString		CODE           	10B5C	0000	87
		_LcdChar       		CODE           	10E4A	0000	45
		_LcdGoTo       		CODE           	11002	0000	13
		_setGPIO       		CODE           	10F56	0000	31
		_setIODIR      		CODE           	10F38	0000	31

lcd.c estimated size: 338

D:\Hella\Compiler\sources\common\lwdiv.c
		___lwdiv       		CODE           	10BB2	0000	83

D:\Hella\Compiler\sources\common\lwdiv.c estimated size: 83

swspi.c
		_SWSPIOpen     		CODE           	10FD2	0000	19
		_SWSPIWrite    		CODE           	10C04	0000	79
		_SWSPIClearCS  		CODE           	11042	0000	5
		_SWSPISetCS    		CODE           	1103E	0000	5

swspi.c estimated size: 108

D:\Hella\Compiler\sources\common\isdigit.c
		_isdigit       		CODE           	10F74	0000	31

D:\Hella\Compiler\sources\common\isdigit.c estimated size: 31

clima.c
		_init          		CODE           	10AF4	0000	105
		_setLcdBacklightLed		CODE           	1101E	0000	7
		_setCoolElement		CODE           	11024	0000	7
		_ISR           		CODE           	0008	0000	259
		_main          		CODE           	10D62	0000	63
		_updateLcd     		CODE           	10550	0000	487
		_initTmr       		CODE           	10D22	0000	65
		_setLcd        		CODE           	10C9E	0000	67
		_checkInputs   		CODE           	10736	0000	289
		_initButtons   		CODE           	1103A	0000	5
		_setHeatElement		CODE           	11030	0000	7
		_setSpeedFanHeatVent		CODE           	10FAE	0000	19
		_updateOutputs 		CODE           	10EA2	0000	43
		_stateMachine  		CODE           	1030E	0000	579
		_setSpeedFanCool		CODE           	10FC0	0000	19
		_getOnOffButton		CODE           	11036	0000	5
		_ADCRead       		CODE           	10DDC	0000	57
		_setStandbyLed 		CODE           	1102A	0000	7
		_initPwm       		CODE           	1100E	0000	9
		_initAdc       		CODE           	10DA0	0000	61

clima.c estimated size: 2160

