Microchip MPLAB XC8 Compiler V1.41 ()

Linker command line:

--edf=D:\Hella\Compiler\dat\en_msgs.txt -cs \
  -h+dist/default/production\CarClima_Outputs.X.production.sym \
  --cmf=dist/default/production\CarClima_Outputs.X.production.cmf -z \
  -Q18F8722 -oC:\Users\Ezio\AppData\Local\Temp\s1ic.2 \
  -Mdist/default/production/CarClima_Outputs.X.production.map -E1 -ver=XC8 \
  -ASTACK=06Fh-0f5fh -pstack=STACK -ACODE=00h-01FFFFh -ACONST=00h-01FFFFh \
  -ASMALLCONST=01000h-010FFhx496 \
  -AMEDIUMCONST=01000h-0FFFFh,011000h-01FFFFh -ACOMRAM=01h-05Fh \
  -AABS1=00h-0F5Fh -ABIGRAM=01h-0F5Fh \
  -ARAM=060h-0FFh,0100h-01FFhx14,0F00h-0F5Fh -ABANK0=060h-0FFh \
  -ABANK1=0100h-01FFh -ABANK2=0200h-02FFh -ABANK3=0300h-03FFh \
  -ABANK4=0400h-04FFh -ABANK5=0500h-05FFh -ABANK6=0600h-06FFh \
  -ABANK7=0700h-07FFh -ABANK8=0800h-08FFh -ABANK9=0900h-09FFh \
  -ABANK10=0A00h-0AFFh -ABANK11=0B00h-0BFFh -ABANK12=0C00h-0CFFh \
  -ABANK13=0D00h-0DFFh -ABANK14=0E00h-0EFFh -ABANK15=0F00h-0F5Fh \
  -ASFR=0F60h-0FFFh -preset_vec=00h,intcode=08h,intcodelo,powerup,init \
  -pramtop=01000h -psmallconst=SMALLCONST -pmediumconst=MEDIUMCONST \
  -pconst=CONST -AFARRAM=00h-00h -ACONFIG=0300000h-030000Dh -pconfig=CONFIG \
  -AIDLOC=0200000h-0200007h -pidloc=IDLOC -AEEDATA=0F00000h-0F003FFh \
  -peeprom_data=EEDATA \
  -prdata=COMRAM,nvrram=COMRAM,nvbit=COMRAM,rbss=COMRAM,rbit=COMRAM \
  -pfarbss=FARRAM,fardata=FARRAM,nvFARRAM=FARRAM \
  -pintsave_regs=BIGRAM,bigbss=BIGRAM,bigdata=BIGRAM -pbss=RAM \
  -pidata=CODE,irdata=CODE,ibigdata=CODE,ifardata=CODE -prparam=COMRAM \
  C:\Users\Ezio\AppData\Local\Temp\s1ic.obj \
  dist/default/production\CarClima_Outputs.X.production.obj 

Object code version is 3.11

Machine type is 18F8722

Call graph: (short form)




                Name                               Link     Load   Length Selector   Space Scale
C:\Users\Ezio\AppData\Local\Temp\s1ic.obj
                init                                  E        E        4        4       0
                reset_vec                             0        0        4        0       0
                idloc                            200000   200000        8   200000       0
                config                           300000   300000        E   300000       0
dist/default/production\CarClima_Outputs.X.production.obj
                intcode                               8        8        6        4       0
                temp                                 50       50        1        1       1
                smallconst                         1000     1000       FC      800       0
                intcode_body                       16EC     16EC       EA      87E       0
                text38                             1BEE     1BEE       3A      87E       0
                text37                             1D96     1D96        E      87E       0
                text36                             19C2     19C2       54      87E       0
                text35                             1A16     1A16       52      87E       0
                text34                             1AF6     1AF6       42      87E       0
                text33                             1CAA     1CAA       26      87E       0
                text32                             1D30     1D30       1E      87E       0
                text31                             10FC     10FC      30E      87E       0
                text30                             15F2     15F2       FA      87E       0
                text29                             1DEC     1DEC        4      87E       0
                text28                             1DE8     1DE8        4      87E       0
                text27                             1DB0     1DB0        C      87E       0
                text26                             1D12     1D12       1E      87E       0
                text25                             1C54     1C54       2C      87E       0
                text24                             1DC4     1DC4        8      87E       0
                text23                             1C28     1C28       2C      87E       0
                text22                             196C     196C       56      87E       0
                text21                             1D88     1D88        E      87E       0
                text20                             1CF4     1CF4       1E      87E       0
                text19                             1A68     1A68       4C      87E       0
                text18                             1B78     1B78       3C      87E       0
                text17                             1DE4     1DE4        4      87E       0
                text16                             1DBC     1DBC        8      87E       0
                text15                             1B38     1B38       40      87E       0
                text14                             1DDE     1DDE        6      87E       0
                text13                             1DA4     1DA4        C      87E       0
                text12                             1AB4     1AB4       42      87E       0
                text11                             1D76     1D76       12      87E       0
                text10                             1D64     1D64       12      87E       0
                text9                              1DD8     1DD8        6      87E       0
                text8                              1914     1914       58      87E       0
                text7                              1884     1884       90      87E       0
                text6                              17D6     17D6       AE      87E       0
                text5                              1CD0     1CD0       24      87E       0
                text4                              1DD2     1DD2        6      87E       0
                text3                              1DCC     1DCC        6      87E       0
                text2                              1C80     1C80       2A      87E       0
                text1                              140A     140A      1E8      87E       0
                text0                              1BB4     1BB4       3A      87E       0
                cstackCOMRAM                         29       29       26        1       1
                cstackBANK0                          60       60        F       60       1
                bssCOMRAM                             1        1       28        1       1
                cinit                              1D4E     1D4E       16      87E       0
                nvCOMRAM                             4F       4F        1        1       1

TOTAL           Name                               Link     Load   Length     Space
        CLASS   STACK          

        CLASS   CODE           
                intcode                               8        8        6         0
                init                                  E        E        4         0
                reset_vec                             0        0        4         0
                intcode_body                       16EC     16EC       EA         0
                text38                             1BEE     1BEE       3A         0
                text37                             1D96     1D96        E         0
                text36                             19C2     19C2       54         0
                text35                             1A16     1A16       52         0
                text34                             1AF6     1AF6       42         0
                text33                             1CAA     1CAA       26         0
                text32                             1D30     1D30       1E         0
                text31                             10FC     10FC      30E         0
                text30                             15F2     15F2       FA         0
                text29                             1DEC     1DEC        4         0
                text28                             1DE8     1DE8        4         0
                text27                             1DB0     1DB0        C         0
                text26                             1D12     1D12       1E         0
                text25                             1C54     1C54       2C         0
                text24                             1DC4     1DC4        8         0
                text23                             1C28     1C28       2C         0
                text22                             196C     196C       56         0
                text21                             1D88     1D88        E         0
                text20                             1CF4     1CF4       1E         0
                text19                             1A68     1A68       4C         0
                text18                             1B78     1B78       3C         0
                text17                             1DE4     1DE4        4         0
                text16                             1DBC     1DBC        8         0
                text15                             1B38     1B38       40         0
                text14                             1DDE     1DDE        6         0
                text13                             1DA4     1DA4        C         0
                text12                             1AB4     1AB4       42         0
                text11                             1D76     1D76       12         0
                text10                             1D64     1D64       12         0
                text9                              1DD8     1DD8        6         0
                text8                              1914     1914       58         0
                text7                              1884     1884       90         0
                text6                              17D6     17D6       AE         0
                text5                              1CD0     1CD0       24         0
                text4                              1DD2     1DD2        6         0
                text3                              1DCC     1DCC        6         0
                text2                              1C80     1C80       2A         0
                text1                              140A     140A      1E8         0
                text0                              1BB4     1BB4       3A         0
                cinit                              1D4E     1D4E       16         0

        CLASS   CONST          

        CLASS   SMALLCONST     
                smallconst                         1000     1000       FC         0

        CLASS   MEDIUMCONST    

        CLASS   COMRAM         
                temp                                 50       50        1         1
                cstackCOMRAM                         29       29       26         1
                bssCOMRAM                             1        1       28         1
                nvCOMRAM                             4F       4F        1         1

        CLASS   ABS1           

        CLASS   BIGRAM         

        CLASS   RAM            

        CLASS   BANK0          
                cstackBANK0                          60       60        F         1

        CLASS   BANK1          

        CLASS   BANK2          

        CLASS   BANK3          

        CLASS   BANK4          

        CLASS   BANK5          

        CLASS   BANK6          

        CLASS   BANK7          

        CLASS   BANK8          

        CLASS   BANK9          

        CLASS   BANK10         

        CLASS   BANK11         

        CLASS   BANK12         

        CLASS   BANK13         

        CLASS   BANK14         

        CLASS   BANK15         

        CLASS   SFR            

        CLASS   FARRAM         

        CLASS   CONFIG         
                config                           300000   300000        E         0

        CLASS   IDLOC          
                idloc                            200000   200000        8         0

        CLASS   EEDATA         



SEGMENTS        Name                           Load    Length   Top    Selector   Space  Class

                reset_vec                      000000  000004  000004         0       0  CODE    
                bssCOMRAM                      000001  000050  000051         1       1  COMRAM  
                intcode                        000008  00000A  000012         4       0  CODE    
                cstackBANK0                    000060  00000F  00006F        60       1  BANK0   
                smallconst                     001000  0000FC  0010FC       800       0  SMALLCON
                text31                         0010FC  000CF4  001DF0       87E       0  CODE    
                idloc                          200000  000008  200008    200000       0  IDLOC   
                config                         300000  00000E  30000E    300000       0  CONFIG  


UNUSED ADDRESS RANGES

        Name                Unused          Largest block    Delta
        BANK0            00006F-0000FF               91
        BANK1            000100-0001FF              100
        BANK10           000A00-000AFF              100
        BANK11           000B00-000BFF              100
        BANK12           000C00-000CFF              100
        BANK13           000D00-000DFF              100
        BANK14           000E00-000EFF              100
        BANK15           000F00-000F5F               60
        BANK2            000200-0002FF              100
        BANK3            000300-0003FF              100
        BANK4            000400-0004FF              100
        BANK5            000500-0005FF              100
        BANK6            000600-0006FF              100
        BANK7            000700-0007FF              100
        BANK8            000800-0008FF              100
        BANK9            000900-0009FF              100
        BIGRAM           000051-00005F                F
                         00006F-000F5F              EF1
        CODE             000004-000007                4
                         000012-000FFF              FEE
                         001DF0-01FFFF            1E210
        COMRAM           000051-00005F                F
        CONST            000004-000007                4
                         000012-000FFF              FEE
                         001DF0-01FFFF            1E210
        EEDATA           F00000-F003FF              400
        MEDIUMCONST      001DF0-00FFFF             E210
                         011000-01FFFF             F000
        RAM              00006F-000F5F              100
        SFR              000F60-000FFF               A0
        SMALLCONST       001DF0-01FFFF              100
        STACK            00006F-000F5F              EF1

                                  Symbol Table

?_ADCRead                     cstackCOMRAM 000038
?___ftpack                    cstackCOMRAM 000038
?___lwdiv                     cstackCOMRAM 000038
?___lwmod                     cstackCOMRAM 00003F
?___lwtoft                    cstackCOMRAM 000045
?___wmul                      cstackCOMRAM 00003F
?_sprintf                     cstackCOMRAM 000045
ADCRead@ch                    cstackCOMRAM 00003B
LcdChar@letter                cstackCOMRAM 00003C
LcdGoTo@pos                   cstackCOMRAM 00003D
LcdWriteString@s              cstackCOMRAM 00003D
SWSPIWrite@BitCount           cstackCOMRAM 000038
SWSPIWrite@input              nvCOMRAM     00004F
SWSPIWrite@output             cstackCOMRAM 000039
UART_putc@data                cstackCOMRAM 000038
UART_puts@s                   cstackCOMRAM 000039
_ADCON0bits                   (abs)        000FC2
_ADCON1bits                   (abs)        000FC1
_ADCON2bits                   (abs)        000FC0
_ADCRead                      text38       001BEE
_ADRES                        (abs)        000FC3
_GIE                          (abs)        007F97
_ISR                          intcode      000008
_LcdChar                      text23       001C28
_LcdClear                     text24       001DC4
_LcdGoTo                      text13       001DA4
_LcdInit                      text19       001A68
_LcdLines                     smallconst   00100B
_LcdWriteString               text22       00196C
_MEMCONbits                   (abs)        000F9C
_PIE1bits                     (abs)        000F9D
_PIR1bits                     (abs)        000F9E
_PORTAbits                    (abs)        000F80
_PORTBbits                    (abs)        000F81
_PORTCbits                    (abs)        000F82
_PORTD                        (abs)        000F83
_PORTDbits                    (abs)        000F83
_PORTJbits                    (abs)        000F88
_RCIF                         (abs)        007CF5
_RCREG                        (abs)        000FAE
_RCSTA1bits                   (abs)        000FAB
_RCSTAbits                    (abs)        000FAB
_SPBRG                        (abs)        000FAF
_SWSPIClearCS                 text29       001DEC
_SWSPIOpen                    text21       001D88
_SWSPISetCS                   text28       001DE8
_SWSPIWrite                   text27       001DB0
_T0CON                        (abs)        000FD5
_T0CONbits                    (abs)        000FD5
_T0IE                         (abs)        007F95
_T0IF                         (abs)        007F92
_TMR0                         (abs)        000FD6
_TMR0H                        (abs)        000FD7
_TMR0L                        (abs)        000FD6
_TMR1H                        (abs)        000FCF
_TMR1L                        (abs)        000FCE
_TRISA                        (abs)        000F92
_TRISAbits                    (abs)        000F92
_TRISB0                       (abs)        007C98
_TRISCbits                    (abs)        000F94
_TRISD                        (abs)        000F95
_TRISDbits                    (abs)        000F95
_TRISJbits                    (abs)        000F9A
_TRMT1                        (abs)        007D61
_TXREG                        (abs)        000FAD
_TXSTA1bits                   (abs)        000FAC
_TXSTAbits                    (abs)        000FAC
_UART_putc                    text37       001D96
_UART_puts                    text36       0019C2
__CFG_FCMEN$OFF               (abs)        000000
__CFG_OSC$HS                  (abs)        000000
__CFG_WDT$OFF                 (abs)        000000
__HRAM                        (abs)        000000
__Habs1                       abs1         000000
__Hbank0                      bank0        000000
__Hbank1                      bank1        000000
__Hbank10                     bank10       000000
__Hbank11                     bank11       000000
__Hbank12                     bank12       000000
__Hbank13                     bank13       000000
__Hbank14                     bank14       000000
__Hbank15                     bank15       000000
__Hbank2                      bank2        000000
__Hbank3                      bank3        000000
__Hbank4                      bank4        000000
__Hbank5                      bank5        000000
__Hbank6                      bank6        000000
__Hbank7                      bank7        000000
__Hbank8                      bank8        000000
__Hbank9                      bank9        000000
__Hbigbss                     bigbss       000000
__Hbigdata                    bigdata      000000
__Hbigram                     bigram       000000
__Hbss                        bss          000000
__HbssCOMRAM                  bssCOMRAM    000000
__Hcinit                      cinit        000000
__Hclrtext                    clrtext      000000
__Hcomram                     comram       000000
__Hconfig                     config       30000E
__Hconst                      const        000000
__HcstackBANK0                cstackBANK0  000000
__HcstackCOMRAM               cstackCOMRAM 000000
__Hdata                       data         000000
__Heeprom_data                eeprom_data  000000
__Hfarbss                     farbss       000000
__Hfardata                    fardata      000000
__Hibigdata                   ibigdata     000000
__Hidata                      idata        000000
__Hidloc                      idloc        200008
__Hifardata                   ifardata     000000
__Hinit                       init         000012
__Hintcode                    intcode      00000E
__Hintcode_body               intcode_body 000000
__Hintcodelo                  intcodelo    00000E
__Hintentry                   intentry     000000
__Hintret                     intret       000000
__Hintsave_regs               intsave_regs 000000
__Hirdata                     irdata       000000
__Hmediumconst                mediumconst  000000
__HnvCOMRAM                   nvCOMRAM     000000
__HnvFARRAM                   nvFARRAM     000000
__Hnvbit                      nvbit        000000
__Hnvrram                     nvrram       000000
__Hparam                      rparam       000000
__Hpowerup                    powerup      00000E
__Hram                        ram          000000
__Hramtop                     ramtop       001000
__Hrbit                       rbit         000000
__Hrbss                       rbss         000000
__Hrdata                      rdata        000000
__Hreset_vec                  reset_vec    000004
__Hrparam                     rparam       000000
__Hsfr                        sfr          000000
__Hsmallconst                 smallconst   0010FC
__Hspace_0                    (abs)        30000E
__Hspace_1                    (abs)        00006F
__Hspace_2                    (abs)        000000
__Hstack                      stack        000000
__Hstruct                     struct       000000
__Htemp                       temp         000051
__Htext                       text         000000
__Htext0                      text0        000000
__Htext1                      text1        000000
__Htext10                     text10       000000
__Htext11                     text11       000000
__Htext12                     text12       000000
__Htext13                     text13       000000
__Htext14                     text14       000000
__Htext15                     text15       000000
__Htext16                     text16       000000
__Htext17                     text17       000000
__Htext18                     text18       000000
__Htext19                     text19       000000
__Htext2                      text2        000000
__Htext20                     text20       000000
__Htext21                     text21       000000
__Htext22                     text22       000000
__Htext23                     text23       000000
__Htext24                     text24       000000
__Htext25                     text25       000000
__Htext26                     text26       000000
__Htext27                     text27       000000
__Htext28                     text28       000000
__Htext29                     text29       000000
__Htext3                      text3        000000
__Htext30                     text30       000000
__Htext31                     text31       000000
__Htext32                     text32       000000
__Htext33                     text33       000000
__Htext34                     text34       000000
__Htext35                     text35       000000
__Htext36                     text36       000000
__Htext37                     text37       000000
__Htext38                     text38       000000
__Htext4                      text4        000000
__Htext5                      text5        000000
__Htext6                      text6        000000
__Htext7                      text7        000000
__Htext8                      text8        000000
__Htext9                      text9        000000
__LRAM                        (abs)        000001
__Labs1                       abs1         000000
__Lbank0                      bank0        000000
__Lbank1                      bank1        000000
__Lbank10                     bank10       000000
__Lbank11                     bank11       000000
__Lbank12                     bank12       000000
__Lbank13                     bank13       000000
__Lbank14                     bank14       000000
__Lbank15                     bank15       000000
__Lbank2                      bank2        000000
__Lbank3                      bank3        000000
__Lbank4                      bank4        000000
__Lbank5                      bank5        000000
__Lbank6                      bank6        000000
__Lbank7                      bank7        000000
__Lbank8                      bank8        000000
__Lbank9                      bank9        000000
__Lbigbss                     bigbss       000000
__Lbigdata                    bigdata      000000
__Lbigram                     bigram       000000
__Lbss                        bss          000000
__LbssCOMRAM                  bssCOMRAM    000000
__Lcinit                      cinit        000000
__Lclrtext                    clrtext      000000
__Lcomram                     comram       000000
__Lconfig                     config       300000
__Lconst                      const        000000
__LcstackBANK0                cstackBANK0  000000
__LcstackCOMRAM               cstackCOMRAM 000000
__Ldata                       data         000000
__Leeprom_data                eeprom_data  000000
__Lfarbss                     farbss       000000
__Lfardata                    fardata      000000
__Libigdata                   ibigdata     000000
__Lidata                      idata        000000
__Lidloc                      idloc        200000
__Lifardata                   ifardata     000000
__Linit                       init         00000E
__Lintcode                    intcode      000008
__Lintcode_body               intcode_body 000000
__Lintcodelo                  intcodelo    00000E
__Lintentry                   intentry     000000
__Lintret                     intret       000000
__Lintsave_regs               intsave_regs 000000
__Lirdata                     irdata       000000
__Lmediumconst                mediumconst  000000
__LnvCOMRAM                   nvCOMRAM     000000
__LnvFARRAM                   nvFARRAM     000000
__Lnvbit                      nvbit        000000
__Lnvrram                     nvrram       000000
__Lparam                      rparam       000000
__Lpowerup                    powerup      00000E
__Lram                        ram          000000
__Lramtop                     ramtop       001000
__Lrbit                       rbit         000000
__Lrbss                       rbss         000000
__Lrdata                      rdata        000000
__Lreset_vec                  reset_vec    000000
__Lrparam                     rparam       000000
__Lsfr                        sfr          000000
__Lsmallconst                 smallconst   001000
__Lspace_0                    (abs)        000000
__Lspace_1                    (abs)        000000
__Lspace_2                    (abs)        000000
__Lstack                      stack        000000
__Lstruct                     struct       000000
__Ltemp                       temp         000050
__Ltext                       text         000000
__Ltext0                      text0        000000
__Ltext1                      text1        000000
__Ltext10                     text10       000000
__Ltext11                     text11       000000
__Ltext12                     text12       000000
__Ltext13                     text13       000000
__Ltext14                     text14       000000
__Ltext15                     text15       000000
__Ltext16                     text16       000000
__Ltext17                     text17       000000
__Ltext18                     text18       000000
__Ltext19                     text19       000000
__Ltext2                      text2        000000
__Ltext20                     text20       000000
__Ltext21                     text21       000000
__Ltext22                     text22       000000
__Ltext23                     text23       000000
__Ltext24                     text24       000000
__Ltext25                     text25       000000
__Ltext26                     text26       000000
__Ltext27                     text27       000000
__Ltext28                     text28       000000
__Ltext29                     text29       000000
__Ltext3                      text3        000000
__Ltext30                     text30       000000
__Ltext31                     text31       000000
__Ltext32                     text32       000000
__Ltext33                     text33       000000
__Ltext34                     text34       000000
__Ltext35                     text35       000000
__Ltext36                     text36       000000
__Ltext37                     text37       000000
__Ltext38                     text38       000000
__Ltext4                      text4        000000
__Ltext5                      text5        000000
__Ltext6                      text6        000000
__Ltext7                      text7        000000
__Ltext8                      text8        000000
__Ltext9                      text9        000000
__S0                          (abs)        30000E
__S1                          (abs)        00006F
__S2                          (abs)        000000
___extmem_base                (abs)        020000
___ftge                       text7        001884
___ftge@ff1                   cstackCOMRAM 000038
___ftge@ff2                   cstackCOMRAM 00003B
___ftpack                     text6        0017D6
___ftpack@arg                 cstackCOMRAM 000038
___ftpack@exp                 cstackCOMRAM 00003B
___ftpack@sign                cstackCOMRAM 00003C
___inthi_sp                   stack        000000
___intlo_sp                   stack        000000
___lwdiv                      text35       001A16
___lwdiv@counter              cstackCOMRAM 00003C
___lwdiv@dividend             cstackCOMRAM 000038
___lwdiv@divisor              cstackCOMRAM 00003A
___lwdiv@quotient             cstackCOMRAM 00003D
___lwmod                      text34       001AF6
___lwmod@counter              cstackCOMRAM 000043
___lwmod@dividend             cstackCOMRAM 00003F
___lwmod@divisor              cstackCOMRAM 000041
___lwtoft                     text5        001CD0
___lwtoft@c                   cstackCOMRAM 000045
___param_bank                 (abs)        000000
___rparam_used                (abs)        000001
___sp                         stack        000000
___wmul                       text33       001CAA
___wmul@multiplicand          cstackCOMRAM 000041
___wmul@multiplier            cstackCOMRAM 00003F
___wmul@product               cstackCOMRAM 000043
__accesstop                   (abs)        000060
__activetblptr                (abs)        000003
__end_of_ADCRead              text38       001C28
__end_of_ISR                  intcode_body 0017D6
__end_of_LcdChar              text23       001C54
__end_of_LcdClear             text24       001DCC
__end_of_LcdGoTo              text13       001DB0
__end_of_LcdInit              text19       001AB4
__end_of_LcdLines             smallconst   00109B
__end_of_LcdWriteString       text22       0019C2
__end_of_SWSPIClearCS         text29       001DF0
__end_of_SWSPIOpen            text21       001D96
__end_of_SWSPISetCS           text28       001DEC
__end_of_SWSPIWrite           text27       001DBC
__end_of_UART_putc            text37       001DA4
__end_of_UART_puts            text36       001A16
__end_of___ftge               text7        001914
__end_of___ftpack             text6        001884
__end_of___lwdiv              text35       001A68
__end_of___lwmod              text34       001B38
__end_of___lwtoft             text5        001CF4
__end_of___wmul               text33       001CD0
__end_of__initialization      cinit        001D5A
__end_of_checkInputs          text30       0016EC
__end_of_dpowers              smallconst   00100B
__end_of_init                 text8        00196C
__end_of_initAdc              text18       001BB4
__end_of_initButtons          text17       001DE8
__end_of_initPwm              text16       001DC4
__end_of_initTmr              text15       001B78
__end_of_isdigit              text32       001D4E
__end_of_lcdCommand           text25       001C80
__end_of_main                 text0        001BEE
__end_of_setCoolElement       text4        001DD8
__end_of_setGPIO              text26       001D30
__end_of_setHeatElement       text14       001DE4
__end_of_setIODIR             text20       001D12
__end_of_setLcd               text12       001AF6
__end_of_setLcdBacklightLed   text3        001DD2
__end_of_setSpeedFanCool      text11       001D88
__end_of_setSpeedFanHeatVent  text10       001D76
__end_of_setStandbyLed        text9        001DDE
__end_of_sprintf              text31       00140A
__end_of_stateMachine         text1        0015F2
__end_of_updateOutputs        text2        001CAA
__initialization              cinit        001D4E
__mediumconst                 mediumconst  000000
__pbssCOMRAM                  bssCOMRAM    000001
__pcinit                      cinit        001D4E
__pcstackBANK0                cstackBANK0  000060
__pcstackCOMRAM               cstackCOMRAM 000029
__pintcode                    intcode      000008
__pintcode_body               intcode_body 0016EC
__pnvCOMRAM                   nvCOMRAM     00004F
__psmallconst                 smallconst   001000
__ptext0                      text0        001BB4
__ptext1                      text1        00140A
__ptext10                     text10       001D64
__ptext11                     text11       001D76
__ptext12                     text12       001AB4
__ptext13                     text13       001DA4
__ptext14                     text14       001DDE
__ptext15                     text15       001B38
__ptext16                     text16       001DBC
__ptext17                     text17       001DE4
__ptext18                     text18       001B78
__ptext19                     text19       001A68
__ptext2                      text2        001C80
__ptext20                     text20       001CF4
__ptext21                     text21       001D88
__ptext22                     text22       00196C
__ptext23                     text23       001C28
__ptext24                     text24       001DC4
__ptext25                     text25       001C54
__ptext26                     text26       001D12
__ptext27                     text27       001DB0
__ptext28                     text28       001DE8
__ptext29                     text29       001DEC
__ptext3                      text3        001DCC
__ptext30                     text30       0015F2
__ptext31                     text31       0010FC
__ptext32                     text32       001D30
__ptext33                     text33       001CAA
__ptext34                     text34       001AF6
__ptext35                     text35       001A16
__ptext36                     text36       0019C2
__ptext37                     text37       001D96
__ptext38                     text38       001BEE
__ptext4                      text4        001DD2
__ptext5                      text5        001CD0
__ptext6                      text6        0017D6
__ptext7                      text7        001884
__ptext8                      text8        001914
__ptext9                      text9        001DD8
__ramtop                      ramtop       001000
__size_of_ADCRead             (abs)        000000
__size_of_ISR                 (abs)        000000
__size_of_LcdChar             (abs)        000000
__size_of_LcdClear            (abs)        000000
__size_of_LcdGoTo             (abs)        000000
__size_of_LcdInit             (abs)        000000
__size_of_LcdWriteString      (abs)        000000
__size_of_SWSPIClearCS        (abs)        000000
__size_of_SWSPIOpen           (abs)        000000
__size_of_SWSPISetCS          (abs)        000000
__size_of_SWSPIWrite          (abs)        000000
__size_of_UART_putc           (abs)        000000
__size_of_UART_puts           (abs)        000000
__size_of___ftge              (abs)        000000
__size_of___ftpack            (abs)        000000
__size_of___lwdiv             (abs)        000000
__size_of___lwmod             (abs)        000000
__size_of___lwtoft            (abs)        000000
__size_of___wmul              (abs)        000000
__size_of_checkInputs         (abs)        000000
__size_of_init                (abs)        000000
__size_of_initAdc             (abs)        000000
__size_of_initButtons         (abs)        000000
__size_of_initPwm             (abs)        000000
__size_of_initTmr             (abs)        000000
__size_of_isdigit             (abs)        000000
__size_of_lcdCommand          (abs)        000000
__size_of_main                (abs)        000000
__size_of_setCoolElement      (abs)        000000
__size_of_setGPIO             (abs)        000000
__size_of_setHeatElement      (abs)        000000
__size_of_setIODIR            (abs)        000000
__size_of_setLcd              (abs)        000000
__size_of_setLcdBacklightLed  (abs)        000000
__size_of_setSpeedFanCool     (abs)        000000
__size_of_setSpeedFanHeatVent (abs)        000000
__size_of_setStandbyLed       (abs)        000000
__size_of_sprintf             (abs)        000000
__size_of_stateMachine        (abs)        000000
__size_of_updateOutputs       (abs)        000000
__smallconst                  smallconst   001000
_a                            bssCOMRAM    000005
_checkInputs                  text30       0015F2
_climaState                   bssCOMRAM    000014
_cnt                          bssCOMRAM    000008
_coolElement                  bssCOMRAM    00000F
_dpowers                      smallconst   001001
_ev                           bssCOMRAM    000009
_fanSpeedCool                 bssCOMRAM    000013
_fanSpeedHeatVent             bssCOMRAM    000012
_heatElement                  bssCOMRAM    000010
_inDeb                        bssCOMRAM    000007
_inTemp                       bssCOMRAM    000003
_init                         text8        001914
_initAdc                      text18       001B78
_initButtons                  text17       001DE4
_initPwm                      text16       001DBC
_initTmr                      text15       001B38
_isdigit                      text32       001D30
_isdigit$1759                 cstackCOMRAM 000039
_lcdBacklightLed              bssCOMRAM    00000D
_lcdCommand                   text25       001C54
_leftButtonEv                 bssCOMRAM    00000C
_levelHeat                    bssCOMRAM    000011
_main                         text0        001BB4
_msg                          bssCOMRAM    000015
_outTemp                      bssCOMRAM    000001
_setCoolElement               text4        001DD2
_setGPIO                      text26       001D12
_setHeatElement               text14       001DDE
_setIODIR                     text20       001CF4
_setLcd                       text12       001AB4
_setLcdBacklightLed           text3        001DCC
_setSpeedFanCool              text11       001D76
_setSpeedFanHeatVent          text10       001D64
_setStandbyLed                text9        001DD8
_setTemp                      bssCOMRAM    00000B
_sprintf                      text31       0010FC
_standbyLed                   bssCOMRAM    00000E
_stateMachine                 text1        00140A
_tick                         bssCOMRAM    00000A
_updateOutputs                text2        001C80
btemp                         temp         000050
checkInputs@adcVal            cstackBANK0  00006C
checkInputs@leftButton        cstackBANK0  00006E
checkInputs@leftButton_old    bssCOMRAM    000006
end_of_initialization         cinit        001D5A
int$flags                     temp         000050
int_func                      intcode_body 0016EC
intlevel0                     text         000000
intlevel1                     text         000000
intlevel2                     text         000000
intlevel3                     text         000000
isdigit@c                     cstackCOMRAM 00003A
lcdCommand@command            cstackCOMRAM 00003C
setCoolElement@state          cstackCOMRAM 000038
setGPIO@address               cstackCOMRAM 00003B
setGPIO@value                 cstackCOMRAM 00003A
setHeatElement@state          cstackCOMRAM 000038
setIODIR@address              cstackCOMRAM 00003B
setIODIR@dir                  cstackCOMRAM 00003A
setLcdBacklightLed@state      cstackCOMRAM 000038
setSpeedFanCool@speed         cstackCOMRAM 000038
setSpeedFanHeatVent@speed     cstackCOMRAM 000038
setStandbyLed@state           cstackCOMRAM 000038
sprintf@ap                    cstackBANK0  000060
sprintf@c                     cstackBANK0  000068
sprintf@f                     cstackCOMRAM 000047
sprintf@flag                  cstackBANK0  000065
sprintf@prec                  cstackBANK0  000062
sprintf@sp                    cstackCOMRAM 000045
sprintf@val                   cstackBANK0  000063
sprintf@width                 cstackBANK0  000066
stackhi                       (abs)        000F5F
stacklo                       (abs)        00006F
start                         init         00000E
start_initialization          cinit        001D4E
stateMachine@value            cstackCOMRAM 00004A


FUNCTION INFORMATION:

 *************** function _main *****************
 Defined at:
		line 714 in file "clima.c"
 Parameters:    Size  Location     Type
		None
 Auto vars:     Size  Location     Type
		None
 Return value:  Size  Location     Type
                  1    wreg      void 
 Registers used:
		wreg, fsr0l, fsr0h, fsr2l, fsr2h, status,2, status,0, tblptrl, tblptrh, tblptru, prodl, prodh, cstack
 Tracked objects:
		On entry : 
		On exit  : 
		Unchanged: 
 Data sizes:     COMRAM   BANK0   BANK1   BANK2   BANK3   BANK4   BANK5   BANK6   BANK7   BANK8   BANK9  BANK10  BANK11  BANK12  BANK13  BANK14  BANK15
      Params:         0       0       0       0       0       0       0       0       0       0       0       0       0       0       0       0       0
      Locals:         0       0       0       0       0       0       0       0       0       0       0       0       0       0       0       0       0
      Temps:          0       0       0       0       0       0       0       0       0       0       0       0       0       0       0       0       0
      Totals:         0       0       0       0       0       0       0       0       0       0       0       0       0       0       0       0       0
Total ram usage:        0 bytes
 Hardware stack levels required when called:    7
 This function calls:
		_LcdClear
		_LcdGoTo
		_LcdWriteString
		_checkInputs
		_init
		_stateMachine
		_updateOutputs
 This function is called by:
		Startup code after reset
 This function uses a non-reentrant model


 *************** function _stateMachine *****************
 Defined at:
		line 416 in file "clima.c"
 Parameters:    Size  Location     Type
		None
 Auto vars:     Size  Location     Type
  value           3   33[COMRAM] float 
  err             1    0        unsigned char 
 Return value:  Size  Location     Type
                  1    wreg      void 
 Registers used:
		wreg, fsr0l, fsr0h, status,2, status,0, tblptrl, tblptrh, tblptru, prodl, prodh, cstack
 Tracked objects:
		On entry : 
		On exit  : 
		Unchanged: 
 Data sizes:     COMRAM   BANK0   BANK1   BANK2   BANK3   BANK4   BANK5   BANK6   BANK7   BANK8   BANK9  BANK10  BANK11  BANK12  BANK13  BANK14  BANK15
      Params:         0       0       0       0       0       0       0       0       0       0       0       0       0       0       0       0       0
      Locals:         3       0       0       0       0       0       0       0       0       0       0       0       0       0       0       0       0
      Temps:          2       0       0       0       0       0       0       0       0       0       0       0       0       0       0       0       0
      Totals:         5       0       0       0       0       0       0       0       0       0       0       0       0       0       0       0       0
Total ram usage:        5 bytes
 Hardware stack levels used:    1
 Hardware stack levels required when called:    6
 This function calls:
		___ftge
		___lwdiv
		___lwtoft
		___wmul
		_setCoolElement
		_setHeatElement
		_setLcd
		_setLcdBacklightLed
		_setSpeedFanCool
		_setSpeedFanHeatVent
		_setStandbyLed
		_updateOutputs
 This function is called by:
		_main
 This function uses a non-reentrant model


 *************** function _updateOutputs *****************
 Defined at:
		line 398 in file "clima.c"
 Parameters:    Size  Location     Type
		None
 Auto vars:     Size  Location     Type
		None
 Return value:  Size  Location     Type
                  1    wreg      void 
 Registers used:
		None
 Tracked objects:
		On entry : 
		On exit  : 
		Unchanged: 
 Data sizes:     COMRAM   BANK0   BANK1   BANK2   BANK3   BANK4   BANK5   BANK6   BANK7   BANK8   BANK9  BANK10  BANK11  BANK12  BANK13  BANK14  BANK15
      Params:         0       0       0       0       0       0       0       0       0       0       0       0       0       0       0       0       0
      Locals:         0       0       0       0       0       0       0       0       0       0       0       0       0       0       0       0       0
      Temps:          0       0       0       0       0       0       0       0       0       0       0       0       0       0       0       0       0
      Totals:         0       0       0       0       0       0       0       0       0       0       0       0       0       0       0       0       0
Total ram usage:        0 bytes
 Hardware stack levels used:    1
 Hardware stack levels required when called:    1
 This function calls:
		Nothing
 This function is called by:
		_stateMachine
		_main
 This function uses a non-reentrant model


 *************** function _setLcdBacklightLed *****************
 Defined at:
		line 145 in file "clima.c"
 Parameters:    Size  Location     Type
  state           2   15[COMRAM] unsigned int 
 Auto vars:     Size  Location     Type
		None
 Return value:  Size  Location     Type
                  1    wreg      void 
 Registers used:
		None
 Tracked objects:
		On entry : 
		On exit  : 
		Unchanged: 
 Data sizes:     COMRAM   BANK0   BANK1   BANK2   BANK3   BANK4   BANK5   BANK6   BANK7   BANK8   BANK9  BANK10  BANK11  BANK12  BANK13  BANK14  BANK15
      Params:         2       0       0       0       0       0       0       0       0       0       0       0       0       0       0       0       0
      Locals:         0       0       0       0       0       0       0       0       0       0       0       0       0       0       0       0       0
      Temps:          0       0       0       0       0       0       0       0       0       0       0       0       0       0       0       0       0
      Totals:         2       0       0       0       0       0       0       0       0       0       0       0       0       0       0       0       0
Total ram usage:        2 bytes
 Hardware stack levels used:    1
 Hardware stack levels required when called:    1
 This function calls:
		Nothing
 This function is called by:
		_stateMachine
 This function uses a non-reentrant model


 *************** function _setCoolElement *****************
 Defined at:
		line 165 in file "clima.c"
 Parameters:    Size  Location     Type
  state           2   15[COMRAM] unsigned int 
 Auto vars:     Size  Location     Type
		None
 Return value:  Size  Location     Type
                  1    wreg      void 
 Registers used:
		None
 Tracked objects:
		On entry : 
		On exit  : 
		Unchanged: 
 Data sizes:     COMRAM   BANK0   BANK1   BANK2   BANK3   BANK4   BANK5   BANK6   BANK7   BANK8   BANK9  BANK10  BANK11  BANK12  BANK13  BANK14  BANK15
      Params:         2       0       0       0       0       0       0       0       0       0       0       0       0       0       0       0       0
      Locals:         0       0       0       0       0       0       0       0       0       0       0       0       0       0       0       0       0
      Temps:          0       0       0       0       0       0       0       0       0       0       0       0       0       0       0       0       0
      Totals:         2       0       0       0       0       0       0       0       0       0       0       0       0       0       0       0       0
Total ram usage:        2 bytes
 Hardware stack levels used:    1
 Hardware stack levels required when called:    1
 This function calls:
		Nothing
 This function is called by:
		_stateMachine
 This function uses a non-reentrant model


 *************** function ___lwtoft *****************
 Defined at:
		line 28 in file "D:\Hella\Compiler\sources\common\lwtoft.c"
 Parameters:    Size  Location     Type
  c               2   28[COMRAM] unsigned int 
 Auto vars:     Size  Location     Type
		None
 Return value:  Size  Location     Type
                  3   28[COMRAM] float 
 Registers used:
		wreg, status,2, status,0, cstack
 Tracked objects:
		On entry : 
		On exit  : 
		Unchanged: 
 Data sizes:     COMRAM   BANK0   BANK1   BANK2   BANK3   BANK4   BANK5   BANK6   BANK7   BANK8   BANK9  BANK10  BANK11  BANK12  BANK13  BANK14  BANK15
      Params:         3       0       0       0       0       0       0       0       0       0       0       0       0       0       0       0       0
      Locals:         0       0       0       0       0       0       0       0       0       0       0       0       0       0       0       0       0
      Temps:          0       0       0       0       0       0       0       0       0       0       0       0       0       0       0       0       0
      Totals:         3       0       0       0       0       0       0       0       0       0       0       0       0       0       0       0       0
Total ram usage:        3 bytes
 Hardware stack levels used:    1
 Hardware stack levels required when called:    2
 This function calls:
		___ftpack
 This function is called by:
		_stateMachine
 This function uses a non-reentrant model


 *************** function ___ftpack *****************
 Defined at:
		line 62 in file "D:\Hella\Compiler\sources\common\float.c"
 Parameters:    Size  Location     Type
  arg             3   15[COMRAM] unsigned um
  exp             1   18[COMRAM] unsigned char 
  sign            1   19[COMRAM] unsigned char 
 Auto vars:     Size  Location     Type
		None
 Return value:  Size  Location     Type
                  3   15[COMRAM] float 
 Registers used:
		wreg, status,2, status,0
 Tracked objects:
		On entry : 
		On exit  : 
		Unchanged: 
 Data sizes:     COMRAM   BANK0   BANK1   BANK2   BANK3   BANK4   BANK5   BANK6   BANK7   BANK8   BANK9  BANK10  BANK11  BANK12  BANK13  BANK14  BANK15
      Params:         5       0       0       0       0       0       0       0       0       0       0       0       0       0       0       0       0
      Locals:         0       0       0       0       0       0       0       0       0       0       0       0       0       0       0       0       0
      Temps:          3       0       0       0       0       0       0       0       0       0       0       0       0       0       0       0       0
      Totals:         8       0       0       0       0       0       0       0       0       0       0       0       0       0       0       0       0
Total ram usage:        8 bytes
 Hardware stack levels used:    1
 Hardware stack levels required when called:    1
 This function calls:
		Nothing
 This function is called by:
		___lwtoft
 This function uses a non-reentrant model


 *************** function ___ftge *****************
 Defined at:
		line 4 in file "D:\Hella\Compiler\sources\common\ftge.c"
 Parameters:    Size  Location     Type
  ff1             3   15[COMRAM] float 
  ff2             3   18[COMRAM] float 
 Auto vars:     Size  Location     Type
		None
 Return value:  Size  Location     Type
		None               void
 Registers used:
		wreg, status,2, status,0
 Tracked objects:
		On entry : 
		On exit  : 
		Unchanged: 
 Data sizes:     COMRAM   BANK0   BANK1   BANK2   BANK3   BANK4   BANK5   BANK6   BANK7   BANK8   BANK9  BANK10  BANK11  BANK12  BANK13  BANK14  BANK15
      Params:         6       0       0       0       0       0       0       0       0       0       0       0       0       0       0       0       0
      Locals:         0       0       0       0       0       0       0       0       0       0       0       0       0       0       0       0       0
      Temps:          3       0       0       0       0       0       0       0       0       0       0       0       0       0       0       0       0
      Totals:         9       0       0       0       0       0       0       0       0       0       0       0       0       0       0       0       0
Total ram usage:        9 bytes
 Hardware stack levels used:    1
 Hardware stack levels required when called:    1
 This function calls:
		Nothing
 This function is called by:
		_stateMachine
 This function uses a non-reentrant model


 *************** function _init *****************
 Defined at:
		line 665 in file "clima.c"
 Parameters:    Size  Location     Type
		None
 Auto vars:     Size  Location     Type
		None
 Return value:  Size  Location     Type
                  1    wreg      void 
 Registers used:
		wreg, fsr0l, fsr0h, status,2, status,0, tblptrl, tblptrh, tblptru, prodl, prodh, cstack
 Tracked objects:
		On entry : 
		On exit  : 
		Unchanged: 
 Data sizes:     COMRAM   BANK0   BANK1   BANK2   BANK3   BANK4   BANK5   BANK6   BANK7   BANK8   BANK9  BANK10  BANK11  BANK12  BANK13  BANK14  BANK15
      Params:         0       0       0       0       0       0       0       0       0       0       0       0       0       0       0       0       0
      Locals:         0       0       0       0       0       0       0       0       0       0       0       0       0       0       0       0       0
      Temps:          0       0       0       0       0       0       0       0       0       0       0       0       0       0       0       0       0
      Totals:         0       0       0       0       0       0       0       0       0       0       0       0       0       0       0       0       0
Total ram usage:        0 bytes
 Hardware stack levels used:    1
 Hardware stack levels required when called:    6
 This function calls:
		_LcdInit
		_initAdc
		_initButtons
		_initPwm
		_initTmr
		_setHeatElement
		_setLcd
		_setSpeedFanCool
		_setSpeedFanHeatVent
		_setStandbyLed
 This function is called by:
		_main
 This function uses a non-reentrant model


 *************** function _setStandbyLed *****************
 Defined at:
		line 135 in file "clima.c"
 Parameters:    Size  Location     Type
  state           2   15[COMRAM] unsigned int 
 Auto vars:     Size  Location     Type
		None
 Return value:  Size  Location     Type
                  1    wreg      void 
 Registers used:
		None
 Tracked objects:
		On entry : 
		On exit  : 
		Unchanged: 
 Data sizes:     COMRAM   BANK0   BANK1   BANK2   BANK3   BANK4   BANK5   BANK6   BANK7   BANK8   BANK9  BANK10  BANK11  BANK12  BANK13  BANK14  BANK15
      Params:         2       0       0       0       0       0       0       0       0       0       0       0       0       0       0       0       0
      Locals:         0       0       0       0       0       0       0       0       0       0       0       0       0       0       0       0       0
      Temps:          0       0       0       0       0       0       0       0       0       0       0       0       0       0       0       0       0
      Totals:         2       0       0       0       0       0       0       0       0       0       0       0       0       0       0       0       0
Total ram usage:        2 bytes
 Hardware stack levels used:    1
 Hardware stack levels required when called:    1
 This function calls:
		Nothing
 This function is called by:
		_stateMachine
		_init
 This function uses a non-reentrant model


 *************** function _setSpeedFanHeatVent *****************
 Defined at:
		line 186 in file "clima.c"
 Parameters:    Size  Location     Type
  speed           1    wreg     unsigned char 
 Auto vars:     Size  Location     Type
  speed           1   15[COMRAM] unsigned char 
 Return value:  Size  Location     Type
                  1    wreg      void 
 Registers used:
		wreg, status,2, status,0
 Tracked objects:
		On entry : 
		On exit  : 
		Unchanged: 
 Data sizes:     COMRAM   BANK0   BANK1   BANK2   BANK3   BANK4   BANK5   BANK6   BANK7   BANK8   BANK9  BANK10  BANK11  BANK12  BANK13  BANK14  BANK15
      Params:         0       0       0       0       0       0       0       0       0       0       0       0       0       0       0       0       0
      Locals:         1       0       0       0       0       0       0       0       0       0       0       0       0       0       0       0       0
      Temps:          0       0       0       0       0       0       0       0       0       0       0       0       0       0       0       0       0
      Totals:         1       0       0       0       0       0       0       0       0       0       0       0       0       0       0       0       0
Total ram usage:        1 bytes
 Hardware stack levels used:    1
 Hardware stack levels required when called:    1
 This function calls:
		Nothing
 This function is called by:
		_stateMachine
		_init
 This function uses a non-reentrant model


 *************** function _setSpeedFanCool *****************
 Defined at:
		line 175 in file "clima.c"
 Parameters:    Size  Location     Type
  speed           1    wreg     unsigned char 
 Auto vars:     Size  Location     Type
  speed           1   15[COMRAM] unsigned char 
 Return value:  Size  Location     Type
                  1    wreg      void 
 Registers used:
		wreg, status,2, status,0
 Tracked objects:
		On entry : 
		On exit  : 
		Unchanged: 
 Data sizes:     COMRAM   BANK0   BANK1   BANK2   BANK3   BANK4   BANK5   BANK6   BANK7   BANK8   BANK9  BANK10  BANK11  BANK12  BANK13  BANK14  BANK15
      Params:         0       0       0       0       0       0       0       0       0       0       0       0       0       0       0       0       0
      Locals:         1       0       0       0       0       0       0       0       0       0       0       0       0       0       0       0       0
      Temps:          0       0       0       0       0       0       0       0       0       0       0       0       0       0       0       0       0
      Totals:         1       0       0       0       0       0       0       0       0       0       0       0       0       0       0       0       0
Total ram usage:        1 bytes
 Hardware stack levels used:    1
 Hardware stack levels required when called:    1
 This function calls:
		Nothing
 This function is called by:
		_stateMachine
		_init
 This function uses a non-reentrant model


 *************** function _setLcd *****************
 Defined at:
		line 225 in file "clima.c"
 Parameters:    Size  Location     Type
		None
 Auto vars:     Size  Location     Type
		None
 Return value:  Size  Location     Type
                  1    wreg      void 
 Registers used:
		wreg, fsr0l, fsr0h, status,2, status,0, tblptrl, tblptrh, tblptru, prodl, prodh, cstack
 Tracked objects:
		On entry : 
		On exit  : 
		Unchanged: 
 Data sizes:     COMRAM   BANK0   BANK1   BANK2   BANK3   BANK4   BANK5   BANK6   BANK7   BANK8   BANK9  BANK10  BANK11  BANK12  BANK13  BANK14  BANK15
      Params:         0       0       0       0       0       0       0       0       0       0       0       0       0       0       0       0       0
      Locals:         0       0       0       0       0       0       0       0       0       0       0       0       0       0       0       0       0
      Temps:          0       0       0       0       0       0       0       0       0       0       0       0       0       0       0       0       0
      Totals:         0       0       0       0       0       0       0       0       0       0       0       0       0       0       0       0       0
Total ram usage:        0 bytes
 Hardware stack levels used:    1
 Hardware stack levels required when called:    5
 This function calls:
		_LcdClear
		_LcdGoTo
		_LcdWriteString
 This function is called by:
		_stateMachine
		_init
 This function uses a non-reentrant model


 *************** function _LcdGoTo *****************
 Defined at:
		line 176 in file "lcd.c"
 Parameters:    Size  Location     Type
  pos             1    wreg     unsigned char 
 Auto vars:     Size  Location     Type
  pos             1   20[COMRAM] unsigned char 
 Return value:  Size  Location     Type
                  1    wreg      void 
 Registers used:
		wreg, status,2, status,0, cstack
 Tracked objects:
		On entry : 
		On exit  : 
		Unchanged: 
 Data sizes:     COMRAM   BANK0   BANK1   BANK2   BANK3   BANK4   BANK5   BANK6   BANK7   BANK8   BANK9  BANK10  BANK11  BANK12  BANK13  BANK14  BANK15
      Params:         0       0       0       0       0       0       0       0       0       0       0       0       0       0       0       0       0
      Locals:         1       0       0       0       0       0       0       0       0       0       0       0       0       0       0       0       0
      Temps:          0       0       0       0       0       0       0       0       0       0       0       0       0       0       0       0       0
      Totals:         1       0       0       0       0       0       0       0       0       0       0       0       0       0       0       0       0
Total ram usage:        1 bytes
 Hardware stack levels used:    1
 Hardware stack levels required when called:    4
 This function calls:
		_lcdCommand
 This function is called by:
		_setLcd
		_main
		_updateLcd
 This function uses a non-reentrant model


 *************** function _setHeatElement *****************
 Defined at:
		line 155 in file "clima.c"
 Parameters:    Size  Location     Type
  state           2   15[COMRAM] unsigned int 
 Auto vars:     Size  Location     Type
		None
 Return value:  Size  Location     Type
                  1    wreg      void 
 Registers used:
		None
 Tracked objects:
		On entry : 
		On exit  : 
		Unchanged: 
 Data sizes:     COMRAM   BANK0   BANK1   BANK2   BANK3   BANK4   BANK5   BANK6   BANK7   BANK8   BANK9  BANK10  BANK11  BANK12  BANK13  BANK14  BANK15
      Params:         2       0       0       0       0       0       0       0       0       0       0       0       0       0       0       0       0
      Locals:         0       0       0       0       0       0       0       0       0       0       0       0       0       0       0       0       0
      Temps:          0       0       0       0       0       0       0       0       0       0       0       0       0       0       0       0       0
      Totals:         2       0       0       0       0       0       0       0       0       0       0       0       0       0       0       0       0
Total ram usage:        2 bytes
 Hardware stack levels used:    1
 Hardware stack levels required when called:    1
 This function calls:
		Nothing
 This function is called by:
		_stateMachine
		_init
 This function uses a non-reentrant model


 *************** function _initTmr *****************
 Defined at:
		line 570 in file "clima.c"
 Parameters:    Size  Location     Type
		None
 Auto vars:     Size  Location     Type
		None
 Return value:  Size  Location     Type
                  1    wreg      void 
 Registers used:
		wreg, status,2
 Tracked objects:
		On entry : 
		On exit  : 
		Unchanged: 
 Data sizes:     COMRAM   BANK0   BANK1   BANK2   BANK3   BANK4   BANK5   BANK6   BANK7   BANK8   BANK9  BANK10  BANK11  BANK12  BANK13  BANK14  BANK15
      Params:         0       0       0       0       0       0       0       0       0       0       0       0       0       0       0       0       0
      Locals:         0       0       0       0       0       0       0       0       0       0       0       0       0       0       0       0       0
      Temps:          0       0       0       0       0       0       0       0       0       0       0       0       0       0       0       0       0
      Totals:         0       0       0       0       0       0       0       0       0       0       0       0       0       0       0       0       0
Total ram usage:        0 bytes
 Hardware stack levels used:    1
 Hardware stack levels required when called:    1
 This function calls:
		Nothing
 This function is called by:
		_init
 This function uses a non-reentrant model


 *************** function _initPwm *****************
 Defined at:
		line 553 in file "clima.c"
 Parameters:    Size  Location     Type
		None
 Auto vars:     Size  Location     Type
		None
 Return value:  Size  Location     Type
                  1    wreg      void 
 Registers used:
		None
 Tracked objects:
		On entry : 
		On exit  : 
		Unchanged: 
 Data sizes:     COMRAM   BANK0   BANK1   BANK2   BANK3   BANK4   BANK5   BANK6   BANK7   BANK8   BANK9  BANK10  BANK11  BANK12  BANK13  BANK14  BANK15
      Params:         0       0       0       0       0       0       0       0       0       0       0       0       0       0       0       0       0
      Locals:         0       0       0       0       0       0       0       0       0       0       0       0       0       0       0       0       0
      Temps:          0       0       0       0       0       0       0       0       0       0       0       0       0       0       0       0       0
      Totals:         0       0       0       0       0       0       0       0       0       0       0       0       0       0       0       0       0
Total ram usage:        0 bytes
 Hardware stack levels used:    1
 Hardware stack levels required when called:    1
 This function calls:
		Nothing
 This function is called by:
		_init
 This function uses a non-reentrant model


 *************** function _initButtons *****************
 Defined at:
		line 494 in file "clima.c"
 Parameters:    Size  Location     Type
		None
 Auto vars:     Size  Location     Type
		None
 Return value:  Size  Location     Type
                  1    wreg      void 
 Registers used:
		None
 Tracked objects:
		On entry : 
		On exit  : 
		Unchanged: 
 Data sizes:     COMRAM   BANK0   BANK1   BANK2   BANK3   BANK4   BANK5   BANK6   BANK7   BANK8   BANK9  BANK10  BANK11  BANK12  BANK13  BANK14  BANK15
      Params:         0       0       0       0       0       0       0       0       0       0       0       0       0       0       0       0       0
      Locals:         0       0       0       0       0       0       0       0       0       0       0       0       0       0       0       0       0
      Temps:          0       0       0       0       0       0       0       0       0       0       0       0       0       0       0       0       0
      Totals:         0       0       0       0       0       0       0       0       0       0       0       0       0       0       0       0       0
Total ram usage:        0 bytes
 Hardware stack levels used:    1
 Hardware stack levels required when called:    1
 This function calls:
		Nothing
 This function is called by:
		_init
 This function uses a non-reentrant model


 *************** function _initAdc *****************
 Defined at:
		line 505 in file "clima.c"
 Parameters:    Size  Location     Type
		None
 Auto vars:     Size  Location     Type
		None
 Return value:  Size  Location     Type
                  1    wreg      void 
 Registers used:
		wreg, status,2, status,0
 Tracked objects:
		On entry : 
		On exit  : 
		Unchanged: 
 Data sizes:     COMRAM   BANK0   BANK1   BANK2   BANK3   BANK4   BANK5   BANK6   BANK7   BANK8   BANK9  BANK10  BANK11  BANK12  BANK13  BANK14  BANK15
      Params:         0       0       0       0       0       0       0       0       0       0       0       0       0       0       0       0       0
      Locals:         0       0       0       0       0       0       0       0       0       0       0       0       0       0       0       0       0
      Temps:          0       0       0       0       0       0       0       0       0       0       0       0       0       0       0       0       0
      Totals:         0       0       0       0       0       0       0       0       0       0       0       0       0       0       0       0       0
Total ram usage:        0 bytes
 Hardware stack levels used:    1
 Hardware stack levels required when called:    1
 This function calls:
		Nothing
 This function is called by:
		_init
 This function uses a non-reentrant model


 *************** function _LcdInit *****************
 Defined at:
		line 123 in file "lcd.c"
 Parameters:    Size  Location     Type
		None
 Auto vars:     Size  Location     Type
		None
 Return value:  Size  Location     Type
                  1    wreg      void 
 Registers used:
		wreg, fsr0l, fsr0h, status,2, status,0, tblptrl, tblptrh, tblptru, cstack
 Tracked objects:
		On entry : 
		On exit  : 
		Unchanged: 
 Data sizes:     COMRAM   BANK0   BANK1   BANK2   BANK3   BANK4   BANK5   BANK6   BANK7   BANK8   BANK9  BANK10  BANK11  BANK12  BANK13  BANK14  BANK15
      Params:         0       0       0       0       0       0       0       0       0       0       0       0       0       0       0       0       0
      Locals:         0       0       0       0       0       0       0       0       0       0       0       0       0       0       0       0       0
      Temps:          0       0       0       0       0       0       0       0       0       0       0       0       0       0       0       0       0
      Totals:         0       0       0       0       0       0       0       0       0       0       0       0       0       0       0       0       0
Total ram usage:        0 bytes
 Hardware stack levels used:    1
 Hardware stack levels required when called:    5
 This function calls:
		_LcdClear
		_LcdWriteString
		_SWSPIOpen
		_lcdCommand
		_setGPIO
		_setIODIR
 This function is called by:
		_init
 This function uses a non-reentrant model


 *************** function _setIODIR *****************
 Defined at:
		line 81 in file "lcd.c"
 Parameters:    Size  Location     Type
  address         1    wreg     unsigned char 
  dir             1   17[COMRAM] unsigned char 
 Auto vars:     Size  Location     Type
  address         1   18[COMRAM] unsigned char 
 Return value:  Size  Location     Type
                  1    wreg      void 
 Registers used:
		wreg, status,2, cstack
 Tracked objects:
		On entry : 
		On exit  : 
		Unchanged: 
 Data sizes:     COMRAM   BANK0   BANK1   BANK2   BANK3   BANK4   BANK5   BANK6   BANK7   BANK8   BANK9  BANK10  BANK11  BANK12  BANK13  BANK14  BANK15
      Params:         1       0       0       0       0       0       0       0       0       0       0       0       0       0       0       0       0
      Locals:         1       0       0       0       0       0       0       0       0       0       0       0       0       0       0       0       0
      Temps:          0       0       0       0       0       0       0       0       0       0       0       0       0       0       0       0       0
      Totals:         2       0       0       0       0       0       0       0       0       0       0       0       0       0       0       0       0
Total ram usage:        2 bytes
 Hardware stack levels used:    1
 Hardware stack levels required when called:    2
 This function calls:
		_SWSPIClearCS
		_SWSPISetCS
		_SWSPIWrite
 This function is called by:
		_LcdInit
 This function uses a non-reentrant model


 *************** function _SWSPIOpen *****************
 Defined at:
		line 15 in file "swspi.c"
 Parameters:    Size  Location     Type
		None
 Auto vars:     Size  Location     Type
		None
 Return value:  Size  Location     Type
                  1    wreg      void 
 Registers used:
		None
 Tracked objects:
		On entry : 
		On exit  : 
		Unchanged: 
 Data sizes:     COMRAM   BANK0   BANK1   BANK2   BANK3   BANK4   BANK5   BANK6   BANK7   BANK8   BANK9  BANK10  BANK11  BANK12  BANK13  BANK14  BANK15
      Params:         0       0       0       0       0       0       0       0       0       0       0       0       0       0       0       0       0
      Locals:         0       0       0       0       0       0       0       0       0       0       0       0       0       0       0       0       0
      Temps:          0       0       0       0       0       0       0       0       0       0       0       0       0       0       0       0       0
      Totals:         0       0       0       0       0       0       0       0       0       0       0       0       0       0       0       0       0
Total ram usage:        0 bytes
 Hardware stack levels used:    1
 Hardware stack levels required when called:    1
 This function calls:
		Nothing
 This function is called by:
		_LcdInit
 This function uses a non-reentrant model


 *************** function _LcdWriteString *****************
 Defined at:
		line 202 in file "lcd.c"
 Parameters:    Size  Location     Type
  s               2   20[COMRAM] PTR const unsigned char 
		 -> STR_22(13), STR_21(2), STR_17(2), STR_16(2), 
		 -> STR_15(2), STR_14(2), STR_13(2), STR_12(2), 
		 -> STR_10(6), STR_9(6), STR_8(6), STR_7(6), 
		 -> STR_6(6), STR_5(5), STR_4(5), STR_3(5), 
		 -> msg(20), LcdLines(144), 
 Auto vars:     Size  Location     Type
		None
 Return value:  Size  Location     Type
                  1    wreg      void 
 Registers used:
		wreg, fsr0l, fsr0h, status,2, status,0, tblptrl, tblptrh, tblptru, cstack
 Tracked objects:
		On entry : 
		On exit  : 
		Unchanged: 
 Data sizes:     COMRAM   BANK0   BANK1   BANK2   BANK3   BANK4   BANK5   BANK6   BANK7   BANK8   BANK9  BANK10  BANK11  BANK12  BANK13  BANK14  BANK15
      Params:         2       0       0       0       0       0       0       0       0       0       0       0       0       0       0       0       0
      Locals:         0       0       0       0       0       0       0       0       0       0       0       0       0       0       0       0       0
      Temps:          0       0       0       0       0       0       0       0       0       0       0       0       0       0       0       0       0
      Totals:         2       0       0       0       0       0       0       0       0       0       0       0       0       0       0       0       0
Total ram usage:        2 bytes
 Hardware stack levels used:    1
 Hardware stack levels required when called:    4
 This function calls:
		_LcdChar
 This function is called by:
		_setLcd
		_main
		_LcdInit
		_updateLcd
 This function uses a non-reentrant model


 *************** function _LcdChar *****************
 Defined at:
		line 186 in file "lcd.c"
 Parameters:    Size  Location     Type
  letter          1    wreg     unsigned char 
 Auto vars:     Size  Location     Type
  letter          1   19[COMRAM] unsigned char 
 Return value:  Size  Location     Type
                  1    wreg      void 
 Registers used:
		wreg, status,2, cstack
 Tracked objects:
		On entry : 
		On exit  : 
		Unchanged: 
 Data sizes:     COMRAM   BANK0   BANK1   BANK2   BANK3   BANK4   BANK5   BANK6   BANK7   BANK8   BANK9  BANK10  BANK11  BANK12  BANK13  BANK14  BANK15
      Params:         0       0       0       0       0       0       0       0       0       0       0       0       0       0       0       0       0
      Locals:         1       0       0       0       0       0       0       0       0       0       0       0       0       0       0       0       0
      Temps:          0       0       0       0       0       0       0       0       0       0       0       0       0       0       0       0       0
      Totals:         1       0       0       0       0       0       0       0       0       0       0       0       0       0       0       0       0
Total ram usage:        1 bytes
 Hardware stack levels used:    1
 Hardware stack levels required when called:    3
 This function calls:
		_setGPIO
 This function is called by:
		_LcdWriteString
 This function uses a non-reentrant model


 *************** function _LcdClear *****************
 Defined at:
		line 166 in file "lcd.c"
 Parameters:    Size  Location     Type
		None
 Auto vars:     Size  Location     Type
		None
 Return value:  Size  Location     Type
                  1    wreg      void 
 Registers used:
		wreg, status,2, cstack
 Tracked objects:
		On entry : 
		On exit  : 
		Unchanged: 
 Data sizes:     COMRAM   BANK0   BANK1   BANK2   BANK3   BANK4   BANK5   BANK6   BANK7   BANK8   BANK9  BANK10  BANK11  BANK12  BANK13  BANK14  BANK15
      Params:         0       0       0       0       0       0       0       0       0       0       0       0       0       0       0       0       0
      Locals:         0       0       0       0       0       0       0       0       0       0       0       0       0       0       0       0       0
      Temps:          0       0       0       0       0       0       0       0       0       0       0       0       0       0       0       0       0
      Totals:         0       0       0       0       0       0       0       0       0       0       0       0       0       0       0       0       0
Total ram usage:        0 bytes
 Hardware stack levels used:    1
 Hardware stack levels required when called:    4
 This function calls:
		_lcdCommand
 This function is called by:
		_setLcd
		_main
		_LcdInit
 This function uses a non-reentrant model


 *************** function _lcdCommand *****************
 Defined at:
		line 102 in file "lcd.c"
 Parameters:    Size  Location     Type
  command         1    wreg     unsigned char 
 Auto vars:     Size  Location     Type
  command         1   19[COMRAM] unsigned char 
 Return value:  Size  Location     Type
                  1    wreg      void 
 Registers used:
		wreg, status,2, cstack
 Tracked objects:
		On entry : 
		On exit  : 
		Unchanged: 
 Data sizes:     COMRAM   BANK0   BANK1   BANK2   BANK3   BANK4   BANK5   BANK6   BANK7   BANK8   BANK9  BANK10  BANK11  BANK12  BANK13  BANK14  BANK15
      Params:         0       0       0       0       0       0       0       0       0       0       0       0       0       0       0       0       0
      Locals:         1       0       0       0       0       0       0       0       0       0       0       0       0       0       0       0       0
      Temps:          0       0       0       0       0       0       0       0       0       0       0       0       0       0       0       0       0
      Totals:         1       0       0       0       0       0       0       0       0       0       0       0       0       0       0       0       0
Total ram usage:        1 bytes
 Hardware stack levels used:    1
 Hardware stack levels required when called:    3
 This function calls:
		_setGPIO
 This function is called by:
		_LcdInit
		_LcdClear
		_LcdGoTo
 This function uses a non-reentrant model


 *************** function _setGPIO *****************
 Defined at:
		line 55 in file "lcd.c"
 Parameters:    Size  Location     Type
  address         1    wreg     unsigned char 
  value           1   17[COMRAM] unsigned char 
 Auto vars:     Size  Location     Type
  address         1   18[COMRAM] unsigned char 
 Return value:  Size  Location     Type
                  1    wreg      void 
 Registers used:
		wreg, status,2, cstack
 Tracked objects:
		On entry : 
		On exit  : 
		Unchanged: 
[...]
		line 64 in file "swspi.c"
 Parameters:    Size  Location     Type
		None
 Auto vars:     Size  Location     Type
		None
 Return value:  Size  Location     Type
                  1    wreg      void 
 Registers used:
		None
 Tracked objects:
		On entry : 
		On exit  : 
		Unchanged: 
 Data sizes:     COMRAM   BANK0   BANK1   BANK2   BANK3   BANK4   BANK5   BANK6   BANK7   BANK8   BANK9  BANK10  BANK11  BANK12  BANK13  BANK14  BANK15
      Params:         0       0       0       0       0       0       0       0       0       0       0       0       0       0       0       0       0
      Locals:         0       0       0       0       0       0       0       0       0       0       0       0       0       0       0       0       0
      Temps:          0       0       0       0       0       0       0       0       0       0       0       0       0       0       0       0       0
      Totals:         0       0       0       0       0       0       0       0       0       0       0       0       0       0       0       0       0
Total ram usage:        0 bytes
 Hardware stack levels used:    1
 Hardware stack levels required when called:    1
 This function calls:
		Nothing
 This function is called by:
		_setGPIO
		_setIODIR
 This function uses a non-reentrant model


 *************** function _checkInputs *****************
 Defined at:
		line 319 in file "clima.c"
 Parameters:    Size  Location     Type
		None
 Auto vars:     Size  Location     Type
  adcVal          2   12[BANK0 ] unsigned int 
  leftButton      1   14[BANK0 ] unsigned char 
 Return value:  Size  Location     Type
                  1    wreg      void 
 Registers used:
		wreg, fsr0l, fsr0h, fsr2l, fsr2h, status,2, status,0, tblptrl, tblptrh, tblptru, prodl, prodh, cstack
 Tracked objects:
		On entry : 
		On exit  : 
		Unchanged: 
 Data sizes:     COMRAM   BANK0   BANK1   BANK2   BANK3   BANK4   BANK5   BANK6   BANK7   BANK8   BANK9  BANK10  BANK11  BANK12  BANK13  BANK14  BANK15
      Params:         0       0       0       0       0       0       0       0       0       0       0       0       0       0       0       0       0
      Locals:         0       3       0       0       0       0       0       0       0       0       0       0       0       0       0       0       0
      Temps:          0       3       0       0       0       0       0       0       0       0       0       0       0       0       0       0       0
      Totals:         0       6       0       0       0       0       0       0       0       0       0       0       0       0       0       0       0
Total ram usage:        6 bytes
 Hardware stack levels used:    1
 Hardware stack levels required when called:    3
 This function calls:
		_ADCRead
		_UART_puts
		___lwdiv
		___wmul
		_sprintf
 This function is called by:
		_main
 This function uses a non-reentrant model


 *************** function _sprintf *****************
 Defined at:
		line 492 in file "D:\Hella\Compiler\sources\common\doprnt.c"
 Parameters:    Size  Location     Type
  sp              2   28[COMRAM] PTR unsigned char 
		 -> msg(20), 
  f               2   30[COMRAM] PTR const unsigned char 
		 -> STR_19(3), STR_11(3), STR_2(5), STR_1(5), 
 Auto vars:     Size  Location     Type
  tmpval          4    0        struct .
  cp              3    0        PTR const unsigned char 
  width           2    6[BANK0 ] int 
  val             2    3[BANK0 ] unsigned int 
  ap              2    0[BANK0 ] PTR void [1]
		 -> ?_sprintf(2), 
  len             2    0        unsigned int 
  c               1    8[BANK0 ] char 
  flag            1    5[BANK0 ] unsigned char 
  prec            1    2[BANK0 ] char 
 Return value:  Size  Location     Type
                  2   28[COMRAM] int 
 Registers used:
		wreg, fsr2l, fsr2h, status,2, status,0, tblptrl, tblptrh, tblptru, prodl, prodh, cstack
 Tracked objects:
		On entry : 
		On exit  : 
		Unchanged: 
 Data sizes:     COMRAM   BANK0   BANK1   BANK2   BANK3   BANK4   BANK5   BANK6   BANK7   BANK8   BANK9  BANK10  BANK11  BANK12  BANK13  BANK14  BANK15
      Params:         6       0       0       0       0       0       0       0       0       0       0       0       0       0       0       0       0
      Locals:         0       9       0       0       0       0       0       0       0       0       0       0       0       0       0       0       0
      Temps:          4       0       0       0       0       0       0       0       0       0       0       0       0       0       0       0       0
      Totals:        10       9       0       0       0       0       0       0       0       0       0       0       0       0       0       0       0
Total ram usage:       19 bytes
 Hardware stack levels used:    1
 Hardware stack levels required when called:    2
 This function calls:
		___lwdiv
		___lwmod
		___wmul
		_isdigit
 This function is called by:
		_checkInputs
		_updateLcd
 This function uses a non-reentrant model


 *************** function _isdigit *****************
 Defined at:
		line 8 in file "D:\Hella\Compiler\sources\common\isdigit.c"
 Parameters:    Size  Location     Type
  c               1    wreg     unsigned char 
 Auto vars:     Size  Location     Type
  c               1   17[COMRAM] unsigned char 
 Return value:  Size  Location     Type
		None               void
 Registers used:
		wreg, status,2, status,0
 Tracked objects:
		On entry : 
		On exit  : 
		Unchanged: 
 Data sizes:     COMRAM   BANK0   BANK1   BANK2   BANK3   BANK4   BANK5   BANK6   BANK7   BANK8   BANK9  BANK10  BANK11  BANK12  BANK13  BANK14  BANK15
      Params:         0       0       0       0       0       0       0       0       0       0       0       0       0       0       0       0       0
      Locals:         2       0       0       0       0       0       0       0       0       0       0       0       0       0       0       0       0
      Temps:          1       0       0       0       0       0       0       0       0       0       0       0       0       0       0       0       0
      Totals:         3       0       0       0       0       0       0       0       0       0       0       0       0       0       0       0       0
Total ram usage:        3 bytes
 Hardware stack levels used:    1
 Hardware stack levels required when called:    1
 This function calls:
		Nothing
 This function is called by:
		_sprintf
 This function uses a non-reentrant model


 *************** function ___wmul *****************
 Defined at:
		line 15 in file "D:\Hella\Compiler\sources\common\Umul16.c"
 Parameters:    Size  Location     Type
  multiplier      2   22[COMRAM] unsigned int 
  multiplicand    2   24[COMRAM] unsigned int 
 Auto vars:     Size  Location     Type
  product         2   26[COMRAM] unsigned int 
 Return value:  Size  Location     Type
                  2   22[COMRAM] unsigned int 
 Registers used:
		wreg, status,2, status,0, prodl, prodh
 Tracked objects:
		On entry : 
		On exit  : 
		Unchanged: 
 Data sizes:     COMRAM   BANK0   BANK1   BANK2   BANK3   BANK4   BANK5   BANK6   BANK7   BANK8   BANK9  BANK10  BANK11  BANK12  BANK13  BANK14  BANK15
      Params:         4       0       0       0       0       0       0       0       0       0       0       0       0       0       0       0       0
      Locals:         2       0       0       0       0       0       0       0       0       0       0       0       0       0       0       0       0
      Temps:          0       0       0       0       0       0       0       0       0       0       0       0       0       0       0       0       0
      Totals:         6       0       0       0       0       0       0       0       0       0       0       0       0       0       0       0       0
Total ram usage:        6 bytes
 Hardware stack levels used:    1
 Hardware stack levels required when called:    1
 This function calls:
		Nothing
 This function is called by:
		_checkInputs
		_stateMachine
		_sprintf
 This function uses a non-reentrant model


 *************** function ___lwmod *****************
 Defined at:
		line 8 in file "D:\Hella\Compiler\sources\common\lwmod.c"
 Parameters:    Size  Location     Type
  dividend        2   22[COMRAM] unsigned int 
  divisor         2   24[COMRAM] unsigned int 
 Auto vars:     Size  Location     Type
  counter         1   26[COMRAM] unsigned char 
 Return value:  Size  Location     Type
                  2   22[COMRAM] unsigned int 
 Registers used:
		wreg, status,2, status,0
 Tracked objects:
		On entry : 
		On exit  : 
		Unchanged: 
 Data sizes:     COMRAM   BANK0   BANK1   BANK2   BANK3   BANK4   BANK5   BANK6   BANK7   BANK8   BANK9  BANK10  BANK11  BANK12  BANK13  BANK14  BANK15
      Params:         4       0       0       0       0       0       0       0       0       0       0       0       0       0       0       0       0
      Locals:         1       0       0       0       0       0       0       0       0       0       0       0       0       0       0       0       0
      Temps:          0       0       0       0       0       0       0       0       0       0       0       0       0       0       0       0       0
      Totals:         5       0       0       0       0       0       0       0       0       0       0       0       0       0       0       0       0
Total ram usage:        5 bytes
 Hardware stack levels used:    1
 Hardware stack levels required when called:    1
 This function calls:
		Nothing
 This function is called by:
		_sprintf
 This function uses a non-reentrant model


 *************** function ___lwdiv *****************
 Defined at:
		line 8 in file "D:\Hella\Compiler\sources\common\lwdiv.c"
 Parameters:    Size  Location     Type
  dividend        2   15[COMRAM] unsigned int 
  divisor         2   17[COMRAM] unsigned int 
 Auto vars:     Size  Location     Type
  quotient        2   20[COMRAM] unsigned int 
  counter         1   19[COMRAM] unsigned char 
 Return value:  Size  Location     Type
                  2   15[COMRAM] unsigned int 
 Registers used:
		wreg, status,2, status,0
 Tracked objects:
		On entry : 
		On exit  : 
		Unchanged: 
 Data sizes:     COMRAM   BANK0   BANK1   BANK2   BANK3   BANK4   BANK5   BANK6   BANK7   BANK8   BANK9  BANK10  BANK11  BANK12  BANK13  BANK14  BANK15
      Params:         4       0       0       0       0       0       0       0       0       0       0       0       0       0       0       0       0
      Locals:         3       0       0       0       0       0       0       0       0       0       0       0       0       0       0       0       0
      Temps:          0       0       0       0       0       0       0       0       0       0       0       0       0       0       0       0       0
      Totals:         7       0       0       0       0       0       0       0       0       0       0       0       0       0       0       0       0
Total ram usage:        7 bytes
 Hardware stack levels used:    1
 Hardware stack levels required when called:    1
 This function calls:
		Nothing
 This function is called by:
		_checkInputs
		_stateMachine
		_sprintf
 This function uses a non-reentrant model


 *************** function _UART_puts *****************
 Defined at:
		line 88 in file "uart.c"
 Parameters:    Size  Location     Type
  s               2   16[COMRAM] PTR unsigned char 
		 -> STR_20(3), STR_18(20), msg(20), 
 Auto vars:     Size  Location     Type
		None
 Return value:  Size  Location     Type
                  1    wreg      void 
 Registers used:
		wreg, fsr0l, fsr0h, status,2, status,0, tblptrl, tblptrh, tblptru, cstack
 Tracked objects:
		On entry : 
		On exit  : 
		Unchanged: 
 Data sizes:     COMRAM   BANK0   BANK1   BANK2   BANK3   BANK4   BANK5   BANK6   BANK7   BANK8   BANK9  BANK10  BANK11  BANK12  BANK13  BANK14  BANK15
      Params:         2       0       0       0       0       0       0       0       0       0       0       0       0       0       0       0       0
      Locals:         0       0       0       0       0       0       0       0       0       0       0       0       0       0       0       0       0
      Temps:          0       0       0       0       0       0       0       0       0       0       0       0       0       0       0       0       0
      Totals:         2       0       0       0       0       0       0       0       0       0       0       0       0       0       0       0       0
Total ram usage:        2 bytes
 Hardware stack levels used:    1
 Hardware stack levels required when called:    2
 This function calls:
		_UART_putc
 This function is called by:
		_checkInputs
 This function uses a non-reentrant model


 *************** function _UART_putc *****************
 Defined at:
		line 80 in file "uart.c"
 Parameters:    Size  Location     Type
  data            1    wreg     unsigned char 
 Auto vars:     Size  Location     Type
  data            1   15[COMRAM] unsigned char 
 Return value:  Size  Location     Type
                  1    wreg      void 
 Registers used:
		wreg
 Tracked objects:
		On entry : 
		On exit  : 
		Unchanged: 
 Data sizes:     COMRAM   BANK0   BANK1   BANK2   BANK3   BANK4   BANK5   BANK6   BANK7   BANK8   BANK9  BANK10  BANK11  BANK12  BANK13  BANK14  BANK15
      Params:         0       0       0       0       0       0       0       0       0       0       0       0       0       0       0       0       0
      Locals:         1       0       0       0       0       0       0       0       0       0       0       0       0       0       0       0       0
      Temps:          0       0       0       0       0       0       0       0       0       0       0       0       0       0       0       0       0
      Totals:         1       0       0       0       0       0       0       0       0       0       0       0       0       0       0       0       0
Total ram usage:        1 bytes
 Hardware stack levels used:    1
 Hardware stack levels required when called:    1
 This function calls:
		Nothing
 This function is called by:
		_UART_puts
 This function uses a non-reentrant model


 *************** function _ADCRead *****************
 Defined at:
		line 534 in file "clima.c"
 Parameters:    Size  Location     Type
  ch              1    wreg     unsigned char 
 Auto vars:     Size  Location     Type
  ch              1   18[COMRAM] unsigned char 
 Return value:  Size  Location     Type
                  2   15[COMRAM] unsigned int 
 Registers used:
		wreg, status,2, status,0
 Tracked objects:
		On entry : 
		On exit  : 
		Unchanged: 
 Data sizes:     COMRAM   BANK0   BANK1   BANK2   BANK3   BANK4   BANK5   BANK6   BANK7   BANK8   BANK9  BANK10  BANK11  BANK12  BANK13  BANK14  BANK15
      Params:         2       0       0       0       0       0       0       0       0       0       0       0       0       0       0       0       0
      Locals:         1       0       0       0       0       0       0       0       0       0       0       0       0       0       0       0       0
      Temps:          1       0       0       0       0       0       0       0       0       0       0       0       0       0       0       0       0
      Totals:         4       0       0       0       0       0       0       0       0       0       0       0       0       0       0       0       0
Total ram usage:        4 bytes
 Hardware stack levels used:    1
 Hardware stack levels required when called:    1
 This function calls:
		Nothing
 This function is called by:
		_checkInputs
 This function uses a non-reentrant model


 *************** function _ISR *****************
 Defined at:
		line 614 in file "clima.c"
 Parameters:    Size  Location     Type
		None
 Auto vars:     Size  Location     Type
		None
 Return value:  Size  Location     Type
                  1    wreg      void 
 Registers used:
		wreg, status,2, status,0
 Tracked objects:
		On entry : 
		On exit  : 
		Unchanged: 
 Data sizes:     COMRAM   BANK0   BANK1   BANK2   BANK3   BANK4   BANK5   BANK6   BANK7   BANK8   BANK9  BANK10  BANK11  BANK12  BANK13  BANK14  BANK15
      Params:         0       0       0       0       0       0       0       0       0       0       0       0       0       0       0       0       0
      Locals:         0       0       0       0       0       0       0       0       0       0       0       0       0       0       0       0       0
      Temps:         15       0       0       0       0       0       0       0       0       0       0       0       0       0       0       0       0
      Totals:        15       0       0       0       0       0       0       0       0       0       0       0       0       0       0       0       0
Total ram usage:       15 bytes
 Hardware stack levels used:    1
 This function calls:
		Nothing
 This function is called by:
		Interrupt level 2
 This function uses a non-reentrant model



MODULE INFORMATION

Module		Function		Class		Link	Load	Size
D:\Hella\Compiler\sources\common\ftge.c
		___ftge        		CODE           	1884	0000	145

D:\Hella\Compiler\sources\common\ftge.c estimated size: 145

D:\Hella\Compiler\sources\common\lwtoft.c
		___lwtoft      		CODE           	1CD0	0000	37

D:\Hella\Compiler\sources\common\lwtoft.c estimated size: 37

uart.c
		_UART_putc     		CODE           	1D96	0000	15
		_UART_puts     		CODE           	19C2	0000	85

uart.c estimated size: 100

D:\Hella\Compiler\sources\common\doprnt.c
		_sprintf       		CODE           	10FC	0000	783

D:\Hella\Compiler\sources\common\doprnt.c estimated size: 783

D:\Hella\Compiler\sources\common\float.c
		___ftpack      		CODE           	17D6	0000	175

D:\Hella\Compiler\sources\common\float.c estimated size: 175

D:\Hella\Compiler\sources\common\Umul16.c
		___wmul        		CODE           	1CAA	0000	39

D:\Hella\Compiler\sources\common\Umul16.c estimated size: 39

D:\Hella\Compiler\sources\common\lwmod.c
		___lwmod       		CODE           	1AF6	0000	67

D:\Hella\Compiler\sources\common\lwmod.c estimated size: 67

shared
		_LcdLines      		SMALLCONST     	100B	0000	145
		_dpowers       		SMALLCONST     	1001	0000	11
		__initialization		CODE           	1D4E	0000	13

shared estimated size: 169

lcd.c
		_lcdCommand    		CODE           	1C54	0000	45
		_LcdClear      		CODE           	1DC4	0000	9
		_LcdInit       		CODE           	1A68	0000	77
		_LcdWriteString		CODE           	196C	0000	87
		_LcdChar       		CODE           	1C28	0000	45
		_LcdGoTo       		CODE           	1DA4	0000	13
		_setGPIO       		CODE           	1D12	0000	31
		_setIODIR      		CODE           	1CF4	0000	31

lcd.c estimated size: 338

D:\Hella\Compiler\sources\common\lwdiv.c
		___lwdiv       		CODE           	1A16	0000	83

D:\Hella\Compiler\sources\common\lwdiv.c estimated size: 83

swspi.c
		_SWSPIOpen     		CODE           	1D88	0000	15
		_SWSPIWrite    		CODE           	1DB0	0000	13
		_SWSPIClearCS  		CODE           	1DEC	0000	5
		_SWSPISetCS    		CODE           	1DE8	0000	5

swspi.c estimated size: 38

D:\Hella\Compiler\sources\common\isdigit.c
		_isdigit       		CODE           	1D30	0000	31

D:\Hella\Compiler\sources\common\isdigit.c estimated size: 31

clima.c
		_init          		CODE           	1914	0000	89
		_setLcdBacklightLed		CODE           	1DCC	0000	7
		_setCoolElement		CODE           	1DD2	0000	7
		_ISR           		CODE           	0008	0000	241
		_main          		CODE           	1BB4	0000	59
		_initTmr       		CODE           	1B38	0000	65
		_setLcd        		CODE           	1AB4	0000	67
		_checkInputs   		CODE           	15F2	0000	251
		_initButtons   		CODE           	1DE4	0000	5
		_setHeatElement		CODE           	1DDE	0000	7
		_setSpeedFanHeatVent		CODE           	1D64	0000	19
		_updateOutputs 		CODE           	1C80	0000	43
		_stateMachine  		CODE           	140A	0000	489
		_setSpeedFanCool		CODE           	1D76	0000	19
		_ADCRead       		CODE           	1BEE	0000	59
		_setStandbyLed 		CODE           	1DD8	0000	7
		_initPwm       		CODE           	1DBC	0000	9
		_initAdc       		CODE           	1B78	0000	61

clima.c estimated size: 1504

